Archive member included to satisfy reference by file (symbol)

/usr/bin/../lib/gcc/arm-none-eabi/6.3.1/../../../../arm-none-eabi/lib/thumb/v7e-m/fpv4-sp/hard/libc_nano.a(lib_a-exit.o)
                              /usr/bin/../lib/gcc/arm-none-eabi/6.3.1/../../../../arm-none-eabi/lib/thumb/v7e-m/fpv4-sp/hard/crt0.o (exit)
/usr/bin/../lib/gcc/arm-none-eabi/6.3.1/../../../../arm-none-eabi/lib/thumb/v7e-m/fpv4-sp/hard/libc_nano.a(lib_a-impure.o)
                              /usr/bin/../lib/gcc/arm-none-eabi/6.3.1/../../../../arm-none-eabi/lib/thumb/v7e-m/fpv4-sp/hard/libc_nano.a(lib_a-exit.o) (_global_impure_ptr)
/usr/bin/../lib/gcc/arm-none-eabi/6.3.1/../../../../arm-none-eabi/lib/thumb/v7e-m/fpv4-sp/hard/libc_nano.a(lib_a-init.o)
                              /usr/bin/../lib/gcc/arm-none-eabi/6.3.1/../../../../arm-none-eabi/lib/thumb/v7e-m/fpv4-sp/hard/crt0.o (__libc_init_array)
/usr/bin/../lib/gcc/arm-none-eabi/6.3.1/../../../../arm-none-eabi/lib/thumb/v7e-m/fpv4-sp/hard/libc_nano.a(lib_a-malloc.o)
                              build/usbd_cdc.o (malloc)
/usr/bin/../lib/gcc/arm-none-eabi/6.3.1/../../../../arm-none-eabi/lib/thumb/v7e-m/fpv4-sp/hard/libc_nano.a(lib_a-memcpy-stub.o)
                              build/queue.o (memcpy)
/usr/bin/../lib/gcc/arm-none-eabi/6.3.1/../../../../arm-none-eabi/lib/thumb/v7e-m/fpv4-sp/hard/libc_nano.a(lib_a-memset.o)
                              /usr/bin/../lib/gcc/arm-none-eabi/6.3.1/../../../../arm-none-eabi/lib/thumb/v7e-m/fpv4-sp/hard/crt0.o (memset)
/usr/bin/../lib/gcc/arm-none-eabi/6.3.1/../../../../arm-none-eabi/lib/thumb/v7e-m/fpv4-sp/hard/libc_nano.a(lib_a-nano-freer.o)
                              /usr/bin/../lib/gcc/arm-none-eabi/6.3.1/../../../../arm-none-eabi/lib/thumb/v7e-m/fpv4-sp/hard/libc_nano.a(lib_a-malloc.o) (_free_r)
/usr/bin/../lib/gcc/arm-none-eabi/6.3.1/../../../../arm-none-eabi/lib/thumb/v7e-m/fpv4-sp/hard/libc_nano.a(lib_a-nano-mallocr.o)
                              /usr/bin/../lib/gcc/arm-none-eabi/6.3.1/../../../../arm-none-eabi/lib/thumb/v7e-m/fpv4-sp/hard/libc_nano.a(lib_a-malloc.o) (_malloc_r)
/usr/bin/../lib/gcc/arm-none-eabi/6.3.1/../../../../arm-none-eabi/lib/thumb/v7e-m/fpv4-sp/hard/libc_nano.a(lib_a-puts.o)
                              build/main.o (puts)
/usr/bin/../lib/gcc/arm-none-eabi/6.3.1/../../../../arm-none-eabi/lib/thumb/v7e-m/fpv4-sp/hard/libc_nano.a(lib_a-sbrkr.o)
                              /usr/bin/../lib/gcc/arm-none-eabi/6.3.1/../../../../arm-none-eabi/lib/thumb/v7e-m/fpv4-sp/hard/libc_nano.a(lib_a-nano-mallocr.o) (_sbrk_r)
/usr/bin/../lib/gcc/arm-none-eabi/6.3.1/../../../../arm-none-eabi/lib/thumb/v7e-m/fpv4-sp/hard/libc_nano.a(lib_a-sprintf.o)
                              build/main.o (sprintf)
/usr/bin/../lib/gcc/arm-none-eabi/6.3.1/../../../../arm-none-eabi/lib/thumb/v7e-m/fpv4-sp/hard/libc_nano.a(lib_a-wbuf.o)
                              /usr/bin/../lib/gcc/arm-none-eabi/6.3.1/../../../../arm-none-eabi/lib/thumb/v7e-m/fpv4-sp/hard/libc_nano.a(lib_a-puts.o) (__swbuf_r)
/usr/bin/../lib/gcc/arm-none-eabi/6.3.1/../../../../arm-none-eabi/lib/thumb/v7e-m/fpv4-sp/hard/libc_nano.a(lib_a-wsetup.o)
                              /usr/bin/../lib/gcc/arm-none-eabi/6.3.1/../../../../arm-none-eabi/lib/thumb/v7e-m/fpv4-sp/hard/libc_nano.a(lib_a-puts.o) (__swsetup_r)
/usr/bin/../lib/gcc/arm-none-eabi/6.3.1/../../../../arm-none-eabi/lib/thumb/v7e-m/fpv4-sp/hard/libc_nano.a(lib_a-fflush.o)
                              /usr/bin/../lib/gcc/arm-none-eabi/6.3.1/../../../../arm-none-eabi/lib/thumb/v7e-m/fpv4-sp/hard/libc_nano.a(lib_a-wbuf.o) (_fflush_r)
/usr/bin/../lib/gcc/arm-none-eabi/6.3.1/../../../../arm-none-eabi/lib/thumb/v7e-m/fpv4-sp/hard/libc_nano.a(lib_a-findfp.o)
                              /usr/bin/../lib/gcc/arm-none-eabi/6.3.1/../../../../arm-none-eabi/lib/thumb/v7e-m/fpv4-sp/hard/libc_nano.a(lib_a-puts.o) (__sinit)
/usr/bin/../lib/gcc/arm-none-eabi/6.3.1/../../../../arm-none-eabi/lib/thumb/v7e-m/fpv4-sp/hard/libc_nano.a(lib_a-fwalk.o)
                              /usr/bin/../lib/gcc/arm-none-eabi/6.3.1/../../../../arm-none-eabi/lib/thumb/v7e-m/fpv4-sp/hard/libc_nano.a(lib_a-findfp.o) (_fwalk)
/usr/bin/../lib/gcc/arm-none-eabi/6.3.1/../../../../arm-none-eabi/lib/thumb/v7e-m/fpv4-sp/hard/libc_nano.a(lib_a-makebuf.o)
                              /usr/bin/../lib/gcc/arm-none-eabi/6.3.1/../../../../arm-none-eabi/lib/thumb/v7e-m/fpv4-sp/hard/libc_nano.a(lib_a-wsetup.o) (__smakebuf_r)
/usr/bin/../lib/gcc/arm-none-eabi/6.3.1/../../../../arm-none-eabi/lib/thumb/v7e-m/fpv4-sp/hard/libc_nano.a(lib_a-mlock.o)
                              /usr/bin/../lib/gcc/arm-none-eabi/6.3.1/../../../../arm-none-eabi/lib/thumb/v7e-m/fpv4-sp/hard/libc_nano.a(lib_a-nano-freer.o) (__malloc_lock)
/usr/bin/../lib/gcc/arm-none-eabi/6.3.1/../../../../arm-none-eabi/lib/thumb/v7e-m/fpv4-sp/hard/libc_nano.a(lib_a-nano-svfprintf.o)
[...]
Memory Configuration

Name             Origin             Length             Attributes
RAM              0x0000000020000000 0x0000000000030000 xrw
CCMRAM           0x0000000010000000 0x0000000000010000 rw
FLASH            0x0000000008000000 0x0000000000200000 xr
*default*        0x0000000000000000 0xffffffffffffffff

Linker script and memory map

LOAD /usr/bin/../lib/gcc/arm-none-eabi/6.3.1/thumb/v7e-m/fpv4-sp/hard/crti.o
LOAD /usr/bin/../lib/gcc/arm-none-eabi/6.3.1/thumb/v7e-m/fpv4-sp/hard/crtbegin.o
LOAD /usr/bin/../lib/gcc/arm-none-eabi/6.3.1/../../../../arm-none-eabi/lib/thumb/v7e-m/fpv4-sp/hard/crt0.o
LOAD build/stm32f4xx_it.o
LOAD build/event_groups.o
LOAD build/usb_device.o
LOAD build/main.o
LOAD build/heap_4.o
LOAD build/stm32f4xx_ll_usb.o
LOAD build/stm32f4xx_hal_pcd_ex.o
LOAD build/system_stm32f4xx.o
LOAD build/usbd_conf.o
LOAD build/cmsis_os.o
LOAD build/stm32f4xx_hal_msp.o
LOAD build/stm32f4xx_hal_pcd.o
LOAD build/usbd_cdc.o
LOAD build/port.o
LOAD build/timers.o
LOAD build/stm32f4xx_hal_timebase_TIM.o
LOAD build/stm32f4xx_hal_pwr.o
LOAD build/queue.o
LOAD build/usbd_ctlreq.o
LOAD build/stm32f4xx_hal_cortex.o
LOAD build/stm32f4xx_hal_tim.o
LOAD build/stm32f4xx_hal_flash_ramfunc.o
LOAD build/list.o
LOAD build/stm32f4xx_hal_rcc.o
LOAD build/stm32f4xx_hal_dma_ex.o
LOAD build/stm32f4xx_hal_tim_ex.o
LOAD build/usbd_ioreq.o
LOAD build/stm32f4xx_hal_gpio.o
LOAD build/stm32f4xx_hal.o
LOAD build/usbd_desc.o
LOAD build/usbd_cdc_if.o
LOAD build/usbd_core.o
LOAD build/stm32f4xx_hal_flash_ex.o
LOAD build/tasks.o
LOAD build/stm32f4xx_hal_dma.o
LOAD build/stm32f4xx_hal_rcc_ex.o
LOAD build/croutine.o
LOAD build/stm32f4xx_hal_flash.o
LOAD build/stm32f4xx_hal_pwr_ex.o
LOAD build/freertos.o
LOAD build/stm32f4xx_hal_uart.o
LOAD build/startup_stm32f429xx.o
LOAD /usr/bin/../lib/gcc/arm-none-eabi/6.3.1/../../../../arm-none-eabi/lib/thumb/v7e-m/fpv4-sp/hard/libc_nano.a
LOAD /usr/bin/../lib/gcc/arm-none-eabi/6.3.1/../../../../arm-none-eabi/lib/thumb/v7e-m/fpv4-sp/hard/libm.a
LOAD /usr/bin/../lib/gcc/arm-none-eabi/6.3.1/../../../../arm-none-eabi/lib/thumb/v7e-m/fpv4-sp/hard/libnosys.a
START GROUP
LOAD /usr/bin/../lib/gcc/arm-none-eabi/6.3.1/thumb/v7e-m/fpv4-sp/hard/libgcc.a
LOAD /usr/bin/../lib/gcc/arm-none-eabi/6.3.1/../../../../arm-none-eabi/lib/thumb/v7e-m/fpv4-sp/hard/libc_nano.a
END GROUP
START GROUP
LOAD /usr/bin/../lib/gcc/arm-none-eabi/6.3.1/thumb/v7e-m/fpv4-sp/hard/libgcc.a
LOAD /usr/bin/../lib/gcc/arm-none-eabi/6.3.1/../../../../arm-none-eabi/lib/thumb/v7e-m/fpv4-sp/hard/libc_nano.a
END GROUP
LOAD /usr/bin/../lib/gcc/arm-none-eabi/6.3.1/thumb/v7e-m/fpv4-sp/hard/crtend.o
LOAD /usr/bin/../lib/gcc/arm-none-eabi/6.3.1/thumb/v7e-m/fpv4-sp/hard/crtn.o
                0x0000000020030000                _estack = 0x20030000
                0x0000000000000200                _Min_Heap_Size = 0x200
                0x0000000000000400                _Min_Stack_Size = 0x400

.isr_vector     0x0000000008000000      0x1ac
                0x0000000008000000                . = ALIGN (0x4)
 *(.isr_vector)
 .isr_vector    0x0000000008000000      0x1ac build/startup_stm32f429xx.o
                0x0000000008000000                g_pfnVectors
                0x00000000080001ac                . = ALIGN (0x4)

.text           0x00000000080001b0     0x908c
                0x00000000080001b0                . = ALIGN (0x4)
 *(.text)
 .text          0x00000000080001b0       0x6c /usr/bin/../lib/gcc/arm-none-eabi/6.3.1/thumb/v7e-m/fpv4-sp/hard/crtbegin.o
 *fill*         0x000000000800021c        0x4 
 .text          0x0000000008000220       0xa0 /usr/bin/../lib/gcc/arm-none-eabi/6.3.1/../../../../arm-none-eabi/lib/thumb/v7e-m/fpv4-sp/hard/libc_nano.a(lib_a-memchr.o)
                0x0000000008000220                memchr
 .text          0x00000000080002c0       0x30 /usr/bin/../lib/gcc/arm-none-eabi/6.3.1/thumb/v7e-m/fpv4-sp/hard/libgcc.a(_aeabi_uldivmod.o)
                0x00000000080002c0                __aeabi_uldivmod
 .text          0x00000000080002f0      0x2dc /usr/bin/../lib/gcc/arm-none-eabi/6.3.1/thumb/v7e-m/fpv4-sp/hard/libgcc.a(_udivmoddi4.o)
                0x00000000080002f0                __udivmoddi4
 .text          0x00000000080005cc        0x4 /usr/bin/../lib/gcc/arm-none-eabi/6.3.1/thumb/v7e-m/fpv4-sp/hard/libgcc.a(_dvmd_tls.o)
                0x00000000080005cc                __aeabi_ldiv0
                0x00000000080005cc                __aeabi_idiv0
 *(.text*)
 .text.SysTick_Handler
                0x00000000080005d0        0xc build/stm32f4xx_it.o
                0x00000000080005d0                SysTick_Handler
 .text.TIM6_DAC_IRQHandler
                0x00000000080005dc       0x14 build/stm32f4xx_it.o
                0x00000000080005dc                TIM6_DAC_IRQHandler
 .text.OTG_HS_IRQHandler
                0x00000000080005f0       0x14 build/stm32f4xx_it.o
                0x00000000080005f0                OTG_HS_IRQHandler
 .text.MX_USB_DEVICE_Init
                0x0000000008000604       0x38 build/usb_device.o
                0x0000000008000604                MX_USB_DEVICE_Init
 .text.main     0x000000000800063c       0x54 build/main.o
                0x000000000800063c                main
 .text.SystemClock_Config
                0x0000000008000690       0xec build/main.o
                0x0000000008000690                SystemClock_Config
 .text.MX_USART1_UART_Init
                0x000000000800077c       0x5c build/main.o
 .text.MX_GPIO_Init
                0x00000000080007d8      0x468 build/main.o
 .text.setupBassGuitar
                0x0000000008000c40       0x44 build/main.o
                0x0000000008000c40                setupBassGuitar
 .text.setupStatusByte
                0x0000000008000c84       0x2a build/main.o
                0x0000000008000c84                setupStatusByte
 .text.setupDataByte2
                0x0000000008000cae       0x30 build/main.o
                0x0000000008000cae                setupDataByte2
 *fill*         0x0000000008000cde        0x2 
 .text.StartDefaultTask
                0x0000000008000ce0       0xa0 build/main.o
                0x0000000008000ce0                StartDefaultTask
 .text.HAL_TIM_PeriodElapsedCallback
                0x0000000008000d80       0x24 build/main.o
                0x0000000008000d80                HAL_TIM_PeriodElapsedCallback
 .text._Error_Handler
                0x0000000008000da4        0xc build/main.o
                0x0000000008000da4                _Error_Handler
 .text.print_chr
                0x0000000008000db0       0x24 build/main.o
 .text._write_r
                0x0000000008000dd4       0x3a build/main.o
                0x0000000008000dd4                _write_r
 *fill*         0x0000000008000e0e        0x2 
 .text.readkey  0x0000000008000e10       0x30 build/main.o
                0x0000000008000e10                readkey
 .text.pvPortMalloc
                0x0000000008000e40      0x184 build/heap_4.o
                0x0000000008000e40                pvPortMalloc
 .text.vPortFree
                0x0000000008000fc4       0xb0 build/heap_4.o
                0x0000000008000fc4                vPortFree
 .text.prvHeapInit
                0x0000000008001074       0xc4 build/heap_4.o
 .text.prvInsertBlockIntoFreeList
                0x0000000008001138       0xb4 build/heap_4.o
 .text.USB_CoreInit
                0x00000000080011ec       0xa2 build/stm32f4xx_ll_usb.o
                0x00000000080011ec                USB_CoreInit
 .text.USB_EnableGlobalInt
                0x000000000800128e       0x22 build/stm32f4xx_ll_usb.o
                0x000000000800128e                USB_EnableGlobalInt
 .text.USB_DisableGlobalInt
                0x00000000080012b0       0x22 build/stm32f4xx_ll_usb.o
                0x00000000080012b0                USB_DisableGlobalInt
 .text.USB_SetCurrentMode
                0x00000000080012d2       0x4e build/stm32f4xx_ll_usb.o
                0x00000000080012d2                USB_SetCurrentMode
 .text.USB_DevInit
                0x0000000008001320      0x264 build/stm32f4xx_ll_usb.o
                0x0000000008001320                USB_DevInit
 .text.USB_FlushTxFifo
                0x0000000008001584       0x4c build/stm32f4xx_ll_usb.o
                0x0000000008001584                USB_FlushTxFifo
 .text.USB_FlushRxFifo
                0x00000000080015d0       0x44 build/stm32f4xx_ll_usb.o
                0x00000000080015d0                USB_FlushRxFifo
 .text.USB_SetDevSpeed
                0x0000000008001614       0x30 build/stm32f4xx_ll_usb.o
                0x0000000008001614                USB_SetDevSpeed
 .text.USB_GetDevSpeed
                0x0000000008001644       0x6a build/stm32f4xx_ll_usb.o
                0x0000000008001644                USB_GetDevSpeed
 .text.USB_ActivateEndpoint
                0x00000000080016ae      0x112 build/stm32f4xx_ll_usb.o
                0x00000000080016ae                USB_ActivateEndpoint
 .text.USB_DeactivateEndpoint
                0x00000000080017c0      0x184 build/stm32f4xx_ll_usb.o
                0x00000000080017c0                USB_DeactivateEndpoint
 .text.USB_EPStartXfer
                0x0000000008001944      0x484 build/stm32f4xx_ll_usb.o
                0x0000000008001944                USB_EPStartXfer
 .text.USB_EP0StartXfer
                0x0000000008001dc8      0x2be build/stm32f4xx_ll_usb.o
                0x0000000008001dc8                USB_EP0StartXfer
 .text.USB_WritePacket
                0x0000000008002086       0x6a build/stm32f4xx_ll_usb.o
                0x0000000008002086                USB_WritePacket
 .text.USB_ReadPacket
                0x00000000080020f0       0x4e build/stm32f4xx_ll_usb.o
                0x00000000080020f0                USB_ReadPacket
 .text.USB_EPSetStall
                0x000000000800213e       0xe2 build/stm32f4xx_ll_usb.o
                0x000000000800213e                USB_EPSetStall
 .text.USB_EPClearStall
                0x0000000008002220       0xda build/stm32f4xx_ll_usb.o
                0x0000000008002220                USB_EPClearStall
 .text.USB_SetDevAddress
                0x00000000080022fa       0x4c build/stm32f4xx_ll_usb.o
                0x00000000080022fa                USB_SetDevAddress
 .text.USB_DevConnect
                0x0000000008002346       0x2e build/stm32f4xx_ll_usb.o
                0x0000000008002346                USB_DevConnect
 .text.USB_DevDisconnect
                0x0000000008002374       0x2e build/stm32f4xx_ll_usb.o
                0x0000000008002374                USB_DevDisconnect
 .text.USB_ReadInterrupts
                0x00000000080023a2       0x2a build/stm32f4xx_ll_usb.o
                0x00000000080023a2                USB_ReadInterrupts
 .text.USB_ReadDevAllOutEpInterrupt
                0x00000000080023cc       0x30 build/stm32f4xx_ll_usb.o
                0x00000000080023cc                USB_ReadDevAllOutEpInterrupt
 .text.USB_ReadDevAllInEpInterrupt
                0x00000000080023fc       0x30 build/stm32f4xx_ll_usb.o
                0x00000000080023fc                USB_ReadDevAllInEpInterrupt
 .text.USB_ReadDevOutEPInterrupt
                0x000000000800242c       0x38 build/stm32f4xx_ll_usb.o
                0x000000000800242c                USB_ReadDevOutEPInterrupt
 .text.USB_ReadDevInEPInterrupt
                0x0000000008002464       0x54 build/stm32f4xx_ll_usb.o
                0x0000000008002464                USB_ReadDevInEPInterrupt
 .text.USB_GetMode
                0x00000000080024b8       0x1c build/stm32f4xx_ll_usb.o
                0x00000000080024b8                USB_GetMode
 .text.USB_ActivateSetup
                0x00000000080024d4       0x6c build/stm32f4xx_ll_usb.o
                0x00000000080024d4                USB_ActivateSetup
 .text.USB_EP0_OutStart
                0x0000000008002540       0x8a build/stm32f4xx_ll_usb.o
                0x0000000008002540                USB_EP0_OutStart
 *fill*         0x00000000080025ca        0x2 
 .text.USB_CoreReset
                0x00000000080025cc       0x68 build/stm32f4xx_ll_usb.o
 .text.HAL_PCDEx_SetTxFiFo
                0x0000000008002634       0x96 build/stm32f4xx_hal_pcd_ex.o
                0x0000000008002634                HAL_PCDEx_SetTxFiFo
 .text.HAL_PCDEx_SetRxFiFo
                0x00000000080026ca       0x22 build/stm32f4xx_hal_pcd_ex.o
                0x00000000080026ca                HAL_PCDEx_SetRxFiFo
 .text.SystemInit
                0x00000000080026ec       0x6c build/system_stm32f4xx.o
                0x00000000080026ec                SystemInit
 .text.HAL_PCD_MspInit
                0x0000000008002758       0x90 build/usbd_conf.o
                0x0000000008002758                HAL_PCD_MspInit
 .text.HAL_PCD_SetupStageCallback
                0x00000000080027e8       0x24 build/usbd_conf.o
                0x00000000080027e8                HAL_PCD_SetupStageCallback
 .text.HAL_PCD_DataOutStageCallback
                0x000000000800280c       0x36 build/usbd_conf.o
                0x000000000800280c                HAL_PCD_DataOutStageCallback
 .text.HAL_PCD_DataInStageCallback
                0x0000000008002842       0x34 build/usbd_conf.o
                0x0000000008002842                HAL_PCD_DataInStageCallback
 .text.HAL_PCD_SOFCallback
                0x0000000008002876       0x1c build/usbd_conf.o
                0x0000000008002876                HAL_PCD_SOFCallback
 .text.HAL_PCD_ResetCallback
                0x0000000008002892       0x50 build/usbd_conf.o
                0x0000000008002892                HAL_PCD_ResetCallback
 *fill*         0x00000000080028e2        0x2 
 .text.HAL_PCD_SuspendCallback
                0x00000000080028e4       0x50 build/usbd_conf.o
                0x00000000080028e4                HAL_PCD_SuspendCallback
 .text.HAL_PCD_ResumeCallback
                0x0000000008002934       0x1c build/usbd_conf.o
                0x0000000008002934                HAL_PCD_ResumeCallback
 .text.HAL_PCD_ISOOUTIncompleteCallback
                0x0000000008002950       0x24 build/usbd_conf.o
                0x0000000008002950                HAL_PCD_ISOOUTIncompleteCallback
 .text.HAL_PCD_ISOINIncompleteCallback
                0x0000000008002974       0x24 build/usbd_conf.o
                0x0000000008002974                HAL_PCD_ISOINIncompleteCallback
 .text.HAL_PCD_ConnectCallback
                0x0000000008002998       0x1c build/usbd_conf.o
                0x0000000008002998                HAL_PCD_ConnectCallback
 .text.HAL_PCD_DisconnectCallback
                0x00000000080029b4       0x1c build/usbd_conf.o
                0x00000000080029b4                HAL_PCD_DisconnectCallback
 .text.USBD_LL_Init
                0x00000000080029d0       0xb4 build/usbd_conf.o
                0x00000000080029d0                USBD_LL_Init
 .text.USBD_LL_Start
                0x0000000008002a84       0x64 build/usbd_conf.o
                0x0000000008002a84                USBD_LL_Start
 .text.USBD_LL_OpenEP
                0x0000000008002ae8       0x7c build/usbd_conf.o
                0x0000000008002ae8                USBD_LL_OpenEP
 .text.USBD_LL_CloseEP
                0x0000000008002b64       0x6c build/usbd_conf.o
                0x0000000008002b64                USBD_LL_CloseEP
 .text.USBD_LL_StallEP
                0x0000000008002bd0       0x6c build/usbd_conf.o
                0x0000000008002bd0                USBD_LL_StallEP
 .text.USBD_LL_ClearStallEP
                0x0000000008002c3c       0x6c build/usbd_conf.o
                0x0000000008002c3c                USBD_LL_ClearStallEP
 .text.USBD_LL_IsStallEP
                0x0000000008002ca8       0x58 build/usbd_conf.o
                0x0000000008002ca8                USBD_LL_IsStallEP
 .text.USBD_LL_SetUSBAddress
                0x0000000008002d00       0x6c build/usbd_conf.o
                0x0000000008002d00                USBD_LL_SetUSBAddress
 .text.USBD_LL_Transmit
                0x0000000008002d6c       0x74 build/usbd_conf.o
                0x0000000008002d6c                USBD_LL_Transmit
 .text.USBD_LL_PrepareReceive
                0x0000000008002de0       0x74 build/usbd_conf.o
                0x0000000008002de0                USBD_LL_PrepareReceive
 .text.USBD_LL_GetRxDataSize
                0x0000000008002e54       0x26 build/usbd_conf.o
                0x0000000008002e54                USBD_LL_GetRxDataSize
 .text.makeFreeRtosPriority
                0x0000000008002e7a       0x30 build/cmsis_os.o
 .text.osKernelStart
                0x0000000008002eaa        0xe build/cmsis_os.o
                0x0000000008002eaa                osKernelStart
 .text.osThreadCreate
                0x0000000008002eb8       0x4e build/cmsis_os.o
                0x0000000008002eb8                osThreadCreate
 .text.osDelay  0x0000000008002f06       0x28 build/cmsis_os.o
                0x0000000008002f06                osDelay
 .text.osSystickHandler
                0x0000000008002f2e       0x16 build/cmsis_os.o
                0x0000000008002f2e                osSystickHandler
 .text.HAL_MspInit
                0x0000000008002f44       0x62 build/stm32f4xx_hal_msp.o
                0x0000000008002f44                HAL_MspInit
 *fill*         0x0000000008002fa6        0x2 
 .text.HAL_UART_MspInit
                0x0000000008002fa8       0x64 build/stm32f4xx_hal_msp.o
                0x0000000008002fa8                HAL_UART_MspInit
 .text.HAL_PCD_Init
                0x000000000800300c      0x20e build/stm32f4xx_hal_pcd.o
                0x000000000800300c                HAL_PCD_Init
 .text.HAL_PCD_Start
                0x000000000800321a       0x44 build/stm32f4xx_hal_pcd.o
                0x000000000800321a                HAL_PCD_Start
 *fill*         0x000000000800325e        0x2 
 .text.HAL_PCD_IRQHandler
                0x0000000008003260      0x914 build/stm32f4xx_hal_pcd.o
                0x0000000008003260                HAL_PCD_IRQHandler
 .text.HAL_PCD_SetAddress
                0x0000000008003b74       0x42 build/stm32f4xx_hal_pcd.o
                0x0000000008003b74                HAL_PCD_SetAddress
 .text.HAL_PCD_EP_Open
                0x0000000008003bb6       0xd0 build/stm32f4xx_hal_pcd.o
                0x0000000008003bb6                HAL_PCD_EP_Open
 .text.HAL_PCD_EP_Close
                0x0000000008003c86       0x94 build/stm32f4xx_hal_pcd.o
                0x0000000008003c86                HAL_PCD_EP_Close
 .text.HAL_PCD_EP_Receive
                0x0000000008003d1a       0x94 build/stm32f4xx_hal_pcd.o
                0x0000000008003d1a                HAL_PCD_EP_Receive
 .text.HAL_PCD_EP_GetRxCount
                0x0000000008003dae       0x32 build/stm32f4xx_hal_pcd.o
                0x0000000008003dae                HAL_PCD_EP_GetRxCount
 .text.HAL_PCD_EP_Transmit
                0x0000000008003de0       0x92 build/stm32f4xx_hal_pcd.o
                0x0000000008003de0                HAL_PCD_EP_Transmit
 .text.HAL_PCD_EP_SetStall
                0x0000000008003e72       0xb6 build/stm32f4xx_hal_pcd.o
                0x0000000008003e72                HAL_PCD_EP_SetStall
 .text.HAL_PCD_EP_ClrStall
                0x0000000008003f28       0x96 build/stm32f4xx_hal_pcd.o
                0x0000000008003f28                HAL_PCD_EP_ClrStall
 .text.PCD_WriteEmptyTxFifo
                0x0000000008003fbe      0x104 build/stm32f4xx_hal_pcd.o
 .text.USBD_CDC_Init
                0x00000000080040c2       0xd4 build/usbd_cdc.o
 .text.USBD_CDC_DeInit
                0x0000000008004196       0x5a build/usbd_cdc.o
 .text.USBD_CDC_Setup
                0x00000000080041f0       0xbc build/usbd_cdc.o
 .text.USBD_CDC_DataIn
                0x00000000080042ac       0x38 build/usbd_cdc.o
 .text.USBD_CDC_DataOut
                0x00000000080042e4       0x56 build/usbd_cdc.o
 .text.USBD_CDC_EP0_RxReady
                0x000000000800433a       0x50 build/usbd_cdc.o
 *fill*         0x000000000800438a        0x2 
 .text.USBD_CDC_GetFSCfgDesc
                0x000000000800438c       0x20 build/usbd_cdc.o
 .text.USBD_CDC_GetHSCfgDesc
                0x00000000080043ac       0x20 build/usbd_cdc.o
 .text.USBD_CDC_GetOtherSpeedCfgDesc
                0x00000000080043cc       0x20 build/usbd_cdc.o
 .text.USBD_CDC_GetDeviceQualifierDescriptor
                0x00000000080043ec       0x20 build/usbd_cdc.o
                0x00000000080043ec                USBD_CDC_GetDeviceQualifierDescriptor
 .text.USBD_CDC_RegisterInterface
                0x000000000800440c       0x2e build/usbd_cdc.o
                0x000000000800440c                USBD_CDC_RegisterInterface
 .text.USBD_CDC_SetTxBuffer
                0x000000000800443a       0x34 build/usbd_cdc.o
                0x000000000800443a                USBD_CDC_SetTxBuffer
 .text.USBD_CDC_SetRxBuffer
                0x000000000800446e       0x28 build/usbd_cdc.o
                0x000000000800446e                USBD_CDC_SetRxBuffer
 .text.USBD_CDC_TransmitPacket
                0x0000000008004496       0x54 build/usbd_cdc.o
                0x0000000008004496                USBD_CDC_TransmitPacket
 .text.USBD_CDC_ReceivePacket
                0x00000000080044ea       0x54 build/usbd_cdc.o
                0x00000000080044ea                USBD_CDC_ReceivePacket
 *fill*         0x000000000800453e        0x2 
 .text.pxPortInitialiseStack
                0x0000000008004540       0x68 build/port.o
                0x0000000008004540                pxPortInitialiseStack
 .text.prvTaskExitError
                0x00000000080045a8       0x3c build/port.o
 *fill*         0x00000000080045e4        0xc 
 .text.SVC_Handler
                0x00000000080045f0       0x28 build/port.o
                0x00000000080045f0                SVC_Handler
 .text.prvPortStartFirstTask
                0x0000000008004618       0x20 build/port.o
 .text.xPortStartScheduler
                0x0000000008004638      0x118 build/port.o
                0x0000000008004638                xPortStartScheduler
 .text.vPortEnterCritical
                0x0000000008004750       0x5c build/port.o
                0x0000000008004750                vPortEnterCritical
 .text.vPortExitCritical
                0x00000000080047ac       0x50 build/port.o
                0x00000000080047ac                vPortExitCritical
 *fill*         0x00000000080047fc        0x4 
 .text.PendSV_Handler
                0x0000000008004800       0x68 build/port.o
                0x0000000008004800                PendSV_Handler
 .text.xPortSysTickHandler
                0x0000000008004868       0x40 build/port.o
                0x0000000008004868                xPortSysTickHandler
 .text.vPortSetupTimerInterrupt
                0x00000000080048a8       0x38 build/port.o
                0x00000000080048a8                vPortSetupTimerInterrupt
 .text.vPortEnableVFP
                0x00000000080048e0       0x14 build/port.o
 .text.HAL_InitTick
                0x00000000080048f4       0xb4 build/stm32f4xx_hal_timebase_TIM.o
                0x00000000080048f4                HAL_InitTick
 .text.USBD_StdDevReq
                0x00000000080049a8       0xa0 build/usbd_ctlreq.o
                0x00000000080049a8                USBD_StdDevReq
 .text.USBD_StdItfReq
                0x0000000008004a48       0x66 build/usbd_ctlreq.o
                0x0000000008004a48                USBD_StdItfReq
 .text.USBD_StdEPReq
                0x0000000008004aae      0x1b0 build/usbd_ctlreq.o
                0x0000000008004aae                USBD_StdEPReq
 *fill*         0x0000000008004c5e        0x2 
 .text.USBD_GetDescriptor
                0x0000000008004c60      0x1e8 build/usbd_ctlreq.o
 .text.USBD_SetAddress
                0x0000000008004e48       0x7c build/usbd_ctlreq.o
 .text.USBD_SetConfig
                0x0000000008004ec4      0x110 build/usbd_ctlreq.o
 .text.USBD_GetConfig
                0x0000000008004fd4       0x64 build/usbd_ctlreq.o
 .text.USBD_GetStatus
                0x0000000008005038       0x54 build/usbd_ctlreq.o
 .text.USBD_SetFeature
                0x000000000800508c       0x36 build/usbd_ctlreq.o
 .text.USBD_ClrFeature
                0x00000000080050c2       0x50 build/usbd_ctlreq.o
 .text.USBD_ParseSetupRequest
                0x0000000008005112       0x7a build/usbd_ctlreq.o
                0x0000000008005112                USBD_ParseSetupRequest
 .text.USBD_CtlError
                0x000000000800518c       0x22 build/usbd_ctlreq.o
                0x000000000800518c                USBD_CtlError
 .text.USBD_GetString
                0x00000000080051ae       0x86 build/usbd_ctlreq.o
                0x00000000080051ae                USBD_GetString
 .text.USBD_GetLen
                0x0000000008005234       0x30 build/usbd_ctlreq.o
 .text.NVIC_SetPriorityGrouping
                0x0000000008005264       0x48 build/stm32f4xx_hal_cortex.o
 .text.NVIC_GetPriorityGrouping
                0x00000000080052ac       0x1c build/stm32f4xx_hal_cortex.o
 .text.NVIC_EnableIRQ
                0x00000000080052c8       0x34 build/stm32f4xx_hal_cortex.o
 .text.NVIC_SetPriority
                0x00000000080052fc       0x54 build/stm32f4xx_hal_cortex.o
 .text.NVIC_EncodePriority
                0x0000000008005350       0x62 build/stm32f4xx_hal_cortex.o
 *fill*         0x00000000080053b2        0x2 
 .text.SysTick_Config
                0x00000000080053b4       0x44 build/stm32f4xx_hal_cortex.o
 .text.HAL_NVIC_SetPriorityGrouping
                0x00000000080053f8       0x16 build/stm32f4xx_hal_cortex.o
                0x00000000080053f8                HAL_NVIC_SetPriorityGrouping
 .text.HAL_NVIC_SetPriority
                0x000000000800540e       0x38 build/stm32f4xx_hal_cortex.o
                0x000000000800540e                HAL_NVIC_SetPriority
 .text.HAL_NVIC_EnableIRQ
                0x0000000008005446       0x1c build/stm32f4xx_hal_cortex.o
                0x0000000008005446                HAL_NVIC_EnableIRQ
 .text.HAL_SYSTICK_Config
                0x0000000008005462       0x18 build/stm32f4xx_hal_cortex.o
                0x0000000008005462                HAL_SYSTICK_Config
 *fill*         0x000000000800547a        0x2 
 .text.HAL_SYSTICK_CLKSourceConfig
                0x000000000800547c       0x38 build/stm32f4xx_hal_cortex.o
                0x000000000800547c                HAL_SYSTICK_CLKSourceConfig
 .text.HAL_TIM_Base_Init
                0x00000000080054b4       0x56 build/stm32f4xx_hal_tim.o
                0x00000000080054b4                HAL_TIM_Base_Init
 .text.HAL_TIM_Base_MspInit
                0x000000000800550a       0x14 build/stm32f4xx_hal_tim.o
                0x000000000800550a                HAL_TIM_Base_MspInit
 .text.HAL_TIM_Base_Start_IT
                0x000000000800551e       0x36 build/stm32f4xx_hal_tim.o
                0x000000000800551e                HAL_TIM_Base_Start_IT
 .text.HAL_TIM_IRQHandler
                0x0000000008005554      0x210 build/stm32f4xx_hal_tim.o
                0x0000000008005554                HAL_TIM_IRQHandler
 .text.HAL_TIM_OC_DelayElapsedCallback
                0x0000000008005764       0x14 build/stm32f4xx_hal_tim.o
                0x0000000008005764                HAL_TIM_OC_DelayElapsedCallback
 .text.HAL_TIM_IC_CaptureCallback
                0x0000000008005778       0x14 build/stm32f4xx_hal_tim.o
                0x0000000008005778                HAL_TIM_IC_CaptureCallback
 .text.HAL_TIM_PWM_PulseFinishedCallback
                0x000000000800578c       0x14 build/stm32f4xx_hal_tim.o
                0x000000000800578c                HAL_TIM_PWM_PulseFinishedCallback
 .text.HAL_TIM_TriggerCallback
                0x00000000080057a0       0x14 build/stm32f4xx_hal_tim.o
                0x00000000080057a0                HAL_TIM_TriggerCallback
 .text.TIM_Base_SetConfig
                0x00000000080057b4      0x154 build/stm32f4xx_hal_tim.o
                0x00000000080057b4                TIM_Base_SetConfig
 .text.vListInitialise
                0x0000000008005908       0x40 build/list.o
                0x0000000008005908                vListInitialise
 .text.vListInitialiseItem
                0x0000000008005948       0x1a build/list.o
                0x0000000008005948                vListInitialiseItem
 .text.vListInsertEnd
                0x0000000008005962       0x48 build/list.o
                0x0000000008005962                vListInsertEnd
 .text.vListInsert
                0x00000000080059aa       0x72 build/list.o
                0x00000000080059aa                vListInsert
 .text.uxListRemove
                0x0000000008005a1c       0x54 build/list.o
                0x0000000008005a1c                uxListRemove
 .text.HAL_RCC_OscConfig
                0x0000000008005a70      0x450 build/stm32f4xx_hal_rcc.o
                0x0000000008005a70                HAL_RCC_OscConfig
 .text.HAL_RCC_ClockConfig
                0x0000000008005ec0      0x1c4 build/stm32f4xx_hal_rcc.o
                0x0000000008005ec0                HAL_RCC_ClockConfig
 .text.HAL_RCC_GetSysClockFreq
                0x0000000008006084      0x1b0 build/stm32f4xx_hal_rcc.o
                0x0000000008006084                HAL_RCC_GetSysClockFreq
 .text.HAL_RCC_GetHCLKFreq
                0x0000000008006234       0x18 build/stm32f4xx_hal_rcc.o
                0x0000000008006234                HAL_RCC_GetHCLKFreq
 .text.HAL_RCC_GetPCLK1Freq
                0x000000000800624c       0x28 build/stm32f4xx_hal_rcc.o
                0x000000000800624c                HAL_RCC_GetPCLK1Freq
 .text.HAL_RCC_GetPCLK2Freq
                0x0000000008006274       0x28 build/stm32f4xx_hal_rcc.o
                0x0000000008006274                HAL_RCC_GetPCLK2Freq
 .text.HAL_RCC_GetClockConfig
                0x000000000800629c       0x64 build/stm32f4xx_hal_rcc.o
                0x000000000800629c                HAL_RCC_GetClockConfig
 .text.HAL_TIMEx_CommutationCallback
                0x0000000008006300       0x14 build/stm32f4xx_hal_tim_ex.o
                0x0000000008006300                HAL_TIMEx_CommutationCallback
 .text.HAL_TIMEx_BreakCallback
                0x0000000008006314       0x14 build/stm32f4xx_hal_tim_ex.o
                0x0000000008006314                HAL_TIMEx_BreakCallback
 .text.USBD_CtlSendData
                0x0000000008006328       0x38 build/usbd_ioreq.o
                0x0000000008006328                USBD_CtlSendData
 .text.USBD_CtlContinueSendData
                0x0000000008006360       0x24 build/usbd_ioreq.o
                0x0000000008006360                USBD_CtlContinueSendData
 .text.USBD_CtlPrepareRx
                0x0000000008006384       0x3c build/usbd_ioreq.o
                0x0000000008006384                USBD_CtlPrepareRx
 .text.USBD_CtlContinueRx
                0x00000000080063c0       0x24 build/usbd_ioreq.o
                0x00000000080063c0                USBD_CtlContinueRx
 .text.USBD_CtlSendStatus
                0x00000000080063e4       0x26 build/usbd_ioreq.o
                0x00000000080063e4                USBD_CtlSendStatus
 .text.USBD_CtlReceiveStatus
                0x000000000800640a       0x26 build/usbd_ioreq.o
                0x000000000800640a                USBD_CtlReceiveStatus
 .text.HAL_GPIO_Init
                0x0000000008006430      0x354 build/stm32f4xx_hal_gpio.o
                0x0000000008006430                HAL_GPIO_Init
 .text.HAL_GPIO_WritePin
                0x0000000008006784       0x32 build/stm32f4xx_hal_gpio.o
                0x0000000008006784                HAL_GPIO_WritePin
 *fill*         0x00000000080067b6        0x2 
 .text.HAL_Init
                0x00000000080067b8       0x44 build/stm32f4xx_hal.o
                0x00000000080067b8                HAL_Init
 .text.HAL_IncTick
                0x00000000080067fc       0x1c build/stm32f4xx_hal.o
                0x00000000080067fc                HAL_IncTick
 .text.HAL_GetTick
                0x0000000008006818       0x18 build/stm32f4xx_hal.o
                0x0000000008006818                HAL_GetTick
 .text.HAL_Delay
                0x0000000008006830       0x3a build/stm32f4xx_hal.o
                0x0000000008006830                HAL_Delay
 *fill*         0x000000000800686a        0x2 
 .text.USBD_HS_DeviceDescriptor
                0x000000000800686c       0x24 build/usbd_desc.o
                0x000000000800686c                USBD_HS_DeviceDescriptor
 .text.USBD_HS_LangIDStrDescriptor
                0x0000000008006890       0x24 build/usbd_desc.o
                0x0000000008006890                USBD_HS_LangIDStrDescriptor
 .text.USBD_HS_ProductStrDescriptor
                0x00000000080068b4       0x3c build/usbd_desc.o
                0x00000000080068b4                USBD_HS_ProductStrDescriptor
 .text.USBD_HS_ManufacturerStrDescriptor
                0x00000000080068f0       0x28 build/usbd_desc.o
                0x00000000080068f0                USBD_HS_ManufacturerStrDescriptor
 .text.USBD_HS_SerialStrDescriptor
                0x0000000008006918       0x3c build/usbd_desc.o
                0x0000000008006918                USBD_HS_SerialStrDescriptor
 .text.USBD_HS_ConfigStrDescriptor
                0x0000000008006954       0x3c build/usbd_desc.o
                0x0000000008006954                USBD_HS_ConfigStrDescriptor
 .text.USBD_HS_InterfaceStrDescriptor
                0x0000000008006990       0x3c build/usbd_desc.o
                0x0000000008006990                USBD_HS_InterfaceStrDescriptor
 .text.CDC_Init_HS
                0x00000000080069cc       0x28 build/usbd_cdc_if.o
 .text.CDC_DeInit_HS
                0x00000000080069f4       0x10 build/usbd_cdc_if.o
 .text.CDC_Control_HS
                0x0000000008006a04       0xbc build/usbd_cdc_if.o
 .text.CDC_Receive_HS
                0x0000000008006ac0       0x28 build/usbd_cdc_if.o
 .text.CDC_Transmit_HS
                0x0000000008006ae8       0x4c build/usbd_cdc_if.o
                0x0000000008006ae8                CDC_Transmit_HS
 .text.USBD_Init
                0x0000000008006b34       0x56 build/usbd_core.o
                0x0000000008006b34                USBD_Init
 .text.USBD_RegisterClass
                0x0000000008006b8a       0x34 build/usbd_core.o
                0x0000000008006b8a                USBD_RegisterClass
 .text.USBD_Start
                0x0000000008006bbe       0x18 build/usbd_core.o
                0x0000000008006bbe                USBD_Start
 .text.USBD_RunTestMode
                0x0000000008006bd6       0x16 build/usbd_core.o
                0x0000000008006bd6                USBD_RunTestMode
 .text.USBD_SetClassConfig
                0x0000000008006bec       0x3e build/usbd_core.o
                0x0000000008006bec                USBD_SetClassConfig
 .text.USBD_ClrClassConfig
                0x0000000008006c2a       0x26 build/usbd_core.o
                0x0000000008006c2a                USBD_ClrClassConfig
 .text.USBD_LL_SetupStage
                0x0000000008006c50       0x94 build/usbd_core.o
                0x0000000008006c50                USBD_LL_SetupStage
 .text.USBD_LL_DataOutStage
                0x0000000008006ce4       0xb6 build/usbd_core.o
                0x0000000008006ce4                USBD_LL_DataOutStage
 .text.USBD_LL_DataInStage
                0x0000000008006d9a      0x11e build/usbd_core.o
                0x0000000008006d9a                USBD_LL_DataInStage
 .text.USBD_LL_Reset
                0x0000000008006eb8       0x5e build/usbd_core.o
                0x0000000008006eb8                USBD_LL_Reset
 .text.USBD_LL_SetSpeed
                0x0000000008006f16       0x20 build/usbd_core.o
                0x0000000008006f16                USBD_LL_SetSpeed
 .text.USBD_LL_Suspend
                0x0000000008006f36       0x2a build/usbd_core.o
                0x0000000008006f36                USBD_LL_Suspend
 .text.USBD_LL_Resume
                0x0000000008006f60       0x22 build/usbd_core.o
                0x0000000008006f60                USBD_LL_Resume
 .text.USBD_LL_SOF
                0x0000000008006f82       0x34 build/usbd_core.o
                0x0000000008006f82                USBD_LL_SOF
 .text.USBD_LL_IsoINIncomplete
                0x0000000008006fb6       0x1a build/usbd_core.o
                0x0000000008006fb6                USBD_LL_IsoINIncomplete
 .text.USBD_LL_IsoOUTIncomplete
                0x0000000008006fd0       0x1a build/usbd_core.o
                0x0000000008006fd0                USBD_LL_IsoOUTIncomplete
 .text.USBD_LL_DevConnected
                0x0000000008006fea       0x16 build/usbd_core.o
                0x0000000008006fea                USBD_LL_DevConnected
 .text.USBD_LL_DevDisconnected
                0x0000000008007000       0x2e build/usbd_core.o
                0x0000000008007000                USBD_LL_DevDisconnected
 .text.xTaskCreate
                0x000000000800702e       0x82 build/tasks.o
                0x000000000800702e                xTaskCreate
 .text.prvInitialiseNewTask
                0x00000000080070b0       0xfc build/tasks.o
 .text.prvAddNewTaskToReadyList
                0x00000000080071ac       0xd4 build/tasks.o
 .text.vTaskDelay
                0x0000000008007280       0x68 build/tasks.o
                0x0000000008007280                vTaskDelay
 .text.vTaskStartScheduler
                0x00000000080072e8       0x8c build/tasks.o
                0x00000000080072e8                vTaskStartScheduler
 .text.vTaskSuspendAll
                0x0000000008007374       0x1c build/tasks.o
                0x0000000008007374                vTaskSuspendAll
 .text.xTaskResumeAll
                0x0000000008007390      0x138 build/tasks.o
                0x0000000008007390                xTaskResumeAll
 .text.xTaskIncrementTick
                0x00000000080074c8      0x178 build/tasks.o
                0x00000000080074c8                xTaskIncrementTick
 .text.vTaskSwitchContext
                0x0000000008007640       0xb4 build/tasks.o
                0x0000000008007640                vTaskSwitchContext
 .text.prvIdleTask
                0x00000000080076f4       0x30 build/tasks.o
 .text.prvInitialiseTaskLists
                0x0000000008007724       0x80 build/tasks.o
 .text.prvCheckTasksWaitingTermination
                0x00000000080077a4       0x78 build/tasks.o
 .text.prvDeleteTCB
                0x000000000800781c       0x20 build/tasks.o
 .text.prvResetNextTaskUnblockTime
                0x000000000800783c       0x4c build/tasks.o
 .text.xTaskGetSchedulerState
                0x0000000008007888       0x3c build/tasks.o
                0x0000000008007888                xTaskGetSchedulerState
 .text.prvAddCurrentTaskToDelayedList
                0x00000000080078c4       0xcc build/tasks.o
 .text.HAL_UART_Init
                0x0000000008007990       0x9a build/stm32f4xx_hal_uart.o
                0x0000000008007990                HAL_UART_Init
 .text.HAL_UART_Transmit
                0x0000000008007a2a      0x130 build/stm32f4xx_hal_uart.o
                0x0000000008007a2a                HAL_UART_Transmit
 .text.HAL_UART_Receive
                0x0000000008007b5a      0x14c build/stm32f4xx_hal_uart.o
                0x0000000008007b5a                HAL_UART_Receive
 .text.UART_WaitOnFlagUntilTimeout
                0x0000000008007ca6       0x94 build/stm32f4xx_hal_uart.o
 *fill*         0x0000000008007d3a        0x2 
 .text.UART_SetConfig
                0x0000000008007d3c      0x438 build/stm32f4xx_hal_uart.o
 .text.Reset_Handler
                0x0000000008008174       0x50 build/startup_stm32f429xx.o
                0x0000000008008174                Reset_Handler
 .text.Default_Handler
                0x00000000080081c4        0x2 build/startup_stm32f429xx.o
                0x00000000080081c4                RTC_Alarm_IRQHandler
                0x00000000080081c4                HASH_RNG_IRQHandler
                0x00000000080081c4                EXTI2_IRQHandler
                0x00000000080081c4                TIM8_CC_IRQHandler
                0x00000000080081c4                DebugMon_Handler
                0x00000000080081c4                UART8_IRQHandler
                0x00000000080081c4                SPI4_IRQHandler
                0x00000000080081c4                TIM1_CC_IRQHandler
                0x00000000080081c4                DMA2_Stream5_IRQHandler
                0x00000000080081c4                HardFault_Handler
                0x00000000080081c4                DMA1_Stream5_IRQHandler
                0x00000000080081c4                PVD_IRQHandler
                0x00000000080081c4                SDIO_IRQHandler
                0x00000000080081c4                TAMP_STAMP_IRQHandler
                0x00000000080081c4                NMI_Handler
                0x00000000080081c4                CAN2_RX1_IRQHandler
                0x00000000080081c4                EXTI3_IRQHandler
                0x00000000080081c4                TIM8_TRG_COM_TIM14_IRQHandler
                0x00000000080081c4                TIM1_UP_TIM10_IRQHandler
                0x00000000080081c4                TIM8_UP_TIM13_IRQHandler
                0x00000000080081c4                I2C3_ER_IRQHandler
                0x00000000080081c4                EXTI0_IRQHandler
                0x00000000080081c4                I2C2_EV_IRQHandler
                0x00000000080081c4                DMA1_Stream2_IRQHandler
                0x00000000080081c4                CAN1_RX0_IRQHandler
                0x00000000080081c4                FPU_IRQHandler
                0x00000000080081c4                OTG_HS_WKUP_IRQHandler
                0x00000000080081c4                UsageFault_Handler
                0x00000000080081c4                LTDC_ER_IRQHandler
                0x00000000080081c4                CAN2_SCE_IRQHandler
                0x00000000080081c4                DMA2_Stream2_IRQHandler
                0x00000000080081c4                SPI1_IRQHandler
                0x00000000080081c4                TIM1_BRK_TIM9_IRQHandler
                0x00000000080081c4                DCMI_IRQHandler
                0x00000000080081c4                CAN2_RX0_IRQHandler
                0x00000000080081c4                DMA2_Stream3_IRQHandler
                0x00000000080081c4                USART6_IRQHandler
                0x00000000080081c4                USART3_IRQHandler
                0x00000000080081c4                CAN1_RX1_IRQHandler
                0x00000000080081c4                UART5_IRQHandler
                0x00000000080081c4                DMA2_Stream0_IRQHandler
                0x00000000080081c4                TIM4_IRQHandler
                0x00000000080081c4                I2C1_EV_IRQHandler
                0x00000000080081c4                DMA1_Stream6_IRQHandler
                0x00000000080081c4                DMA1_Stream1_IRQHandler
                0x00000000080081c4                UART4_IRQHandler
                0x00000000080081c4                TIM3_IRQHandler
                0x00000000080081c4                RCC_IRQHandler
                0x00000000080081c4                TIM8_BRK_TIM12_IRQHandler
                0x00000000080081c4                Default_Handler
                0x00000000080081c4                EXTI15_10_IRQHandler
                0x00000000080081c4                ADC_IRQHandler
                0x00000000080081c4                DMA1_Stream7_IRQHandler
                0x00000000080081c4                SPI5_IRQHandler
                0x00000000080081c4                TIM7_IRQHandler
                0x00000000080081c4                CAN2_TX_IRQHandler
                0x00000000080081c4                TIM5_IRQHandler
                0x00000000080081c4                DMA2_Stream7_IRQHandler
                0x00000000080081c4                I2C3_EV_IRQHandler
                0x00000000080081c4                EXTI9_5_IRQHandler
                0x00000000080081c4                RTC_WKUP_IRQHandler
                0x00000000080081c4                LTDC_IRQHandler
                0x00000000080081c4                ETH_WKUP_IRQHandler
                0x00000000080081c4                SPI2_IRQHandler
                0x00000000080081c4                OTG_HS_EP1_IN_IRQHandler
                0x00000000080081c4                MemManage_Handler
                0x00000000080081c4                DMA1_Stream0_IRQHandler
                0x00000000080081c4                CAN1_TX_IRQHandler
                0x00000000080081c4                EXTI4_IRQHandler
                0x00000000080081c4                ETH_IRQHandler
                0x00000000080081c4                OTG_HS_EP1_OUT_IRQHandler
                0x00000000080081c4                WWDG_IRQHandler
                0x00000000080081c4                SPI6_IRQHandler
                0x00000000080081c4                TIM2_IRQHandler
                0x00000000080081c4                OTG_FS_WKUP_IRQHandler
                0x00000000080081c4                TIM1_TRG_COM_TIM11_IRQHandler
                0x00000000080081c4                DMA2D_IRQHandler
                0x00000000080081c4                EXTI1_IRQHandler
                0x00000000080081c4                UART7_IRQHandler
                0x00000000080081c4                USART2_IRQHandler
                0x00000000080081c4                I2C2_ER_IRQHandler
                0x00000000080081c4                DMA2_Stream1_IRQHandler
                0x00000000080081c4                CAN1_SCE_IRQHandler
                0x00000000080081c4                FLASH_IRQHandler
                0x00000000080081c4                DMA2_Stream4_IRQHandler
                0x00000000080081c4                BusFault_Handler
                0x00000000080081c4                USART1_IRQHandler
                0x00000000080081c4                OTG_FS_IRQHandler
                0x00000000080081c4                SPI3_IRQHandler
                0x00000000080081c4                DMA1_Stream4_IRQHandler
                0x00000000080081c4                I2C1_ER_IRQHandler
                0x00000000080081c4                FMC_IRQHandler
                0x00000000080081c4                DMA2_Stream6_IRQHandler
                0x00000000080081c4                SAI1_IRQHandler
                0x00000000080081c4                DMA1_Stream3_IRQHandler
 *fill*         0x00000000080081c6        0x2 
 .text.__libc_init_array
                0x00000000080081c8       0x48 /usr/bin/../lib/gcc/arm-none-eabi/6.3.1/../../../../arm-none-eabi/lib/thumb/v7e-m/fpv4-sp/hard/libc_nano.a(lib_a-init.o)
                0x00000000080081c8                __libc_init_array
 .text.malloc   0x0000000008008210       0x10 /usr/bin/../lib/gcc/arm-none-eabi/6.3.1/../../../../arm-none-eabi/lib/thumb/v7e-m/fpv4-sp/hard/libc_nano.a(lib_a-malloc.o)
                0x0000000008008210                malloc
 .text.free     0x0000000008008220       0x10 /usr/bin/../lib/gcc/arm-none-eabi/6.3.1/../../../../arm-none-eabi/lib/thumb/v7e-m/fpv4-sp/hard/libc_nano.a(lib_a-malloc.o)
                0x0000000008008220                free
 .text.memcpy   0x0000000008008230       0x16 /usr/bin/../lib/gcc/arm-none-eabi/6.3.1/../../../../arm-none-eabi/lib/thumb/v7e-m/fpv4-sp/hard/libc_nano.a(lib_a-memcpy-stub.o)
                0x0000000008008230                memcpy
 .text.memset   0x0000000008008246       0x10 /usr/bin/../lib/gcc/arm-none-eabi/6.3.1/../../../../arm-none-eabi/lib/thumb/v7e-m/fpv4-sp/hard/libc_nano.a(lib_a-memset.o)
                0x0000000008008246                memset
 *fill*         0x0000000008008256        0x2 
 .text._free_r  0x0000000008008258       0x9c /usr/bin/../lib/gcc/arm-none-eabi/6.3.1/../../../../arm-none-eabi/lib/thumb/v7e-m/fpv4-sp/hard/libc_nano.a(lib_a-nano-freer.o)
                0x0000000008008258                _free_r
 .text._malloc_r
                0x00000000080082f4       0xbc /usr/bin/../lib/gcc/arm-none-eabi/6.3.1/../../../../arm-none-eabi/lib/thumb/v7e-m/fpv4-sp/hard/libc_nano.a(lib_a-nano-mallocr.o)
                0x00000000080082f4                _malloc_r
 .text._puts_r  0x00000000080083b0       0xb8 /usr/bin/../lib/gcc/arm-none-eabi/6.3.1/../../../../arm-none-eabi/lib/thumb/v7e-m/fpv4-sp/hard/libc_nano.a(lib_a-puts.o)
                0x00000000080083b0                _puts_r
 .text.puts     0x0000000008008468       0x10 /usr/bin/../lib/gcc/arm-none-eabi/6.3.1/../../../../arm-none-eabi/lib/thumb/v7e-m/fpv4-sp/hard/libc_nano.a(lib_a-puts.o)
                0x0000000008008468                puts
 .text._sbrk_r  0x0000000008008478       0x20 /usr/bin/../lib/gcc/arm-none-eabi/6.3.1/../../../../arm-none-eabi/lib/thumb/v7e-m/fpv4-sp/hard/libc_nano.a(lib_a-sbrkr.o)
                0x0000000008008478                _sbrk_r
 .text.sprintf  0x0000000008008498       0x48 /usr/bin/../lib/gcc/arm-none-eabi/6.3.1/../../../../arm-none-eabi/lib/thumb/v7e-m/fpv4-sp/hard/libc_nano.a(lib_a-sprintf.o)
                0x0000000008008498                sprintf
                0x0000000008008498                siprintf
 .text.__swbuf_r
                0x00000000080084e0       0xa4 /usr/bin/../lib/gcc/arm-none-eabi/6.3.1/../../../../arm-none-eabi/lib/thumb/v7e-m/fpv4-sp/hard/libc_nano.a(lib_a-wbuf.o)
                0x00000000080084e0                __swbuf_r
 .text.__swsetup_r
                0x0000000008008584       0xdc /usr/bin/../lib/gcc/arm-none-eabi/6.3.1/../../../../arm-none-eabi/lib/thumb/v7e-m/fpv4-sp/hard/libc_nano.a(lib_a-wsetup.o)
                0x0000000008008584                __swsetup_r
 .text.__sflush_r
                0x0000000008008660      0x110 /usr/bin/../lib/gcc/arm-none-eabi/6.3.1/../../../../arm-none-eabi/lib/thumb/v7e-m/fpv4-sp/hard/libc_nano.a(lib_a-fflush.o)
                0x0000000008008660                __sflush_r
 .text._fflush_r
                0x0000000008008770       0x54 /usr/bin/../lib/gcc/arm-none-eabi/6.3.1/../../../../arm-none-eabi/lib/thumb/v7e-m/fpv4-sp/hard/libc_nano.a(lib_a-fflush.o)
                0x0000000008008770                _fflush_r
 .text._cleanup_r
                0x00000000080087c4        0xc /usr/bin/../lib/gcc/arm-none-eabi/6.3.1/../../../../arm-none-eabi/lib/thumb/v7e-m/fpv4-sp/hard/libc_nano.a(lib_a-findfp.o)
                0x00000000080087c4                _cleanup_r
 .text.std.isra.0
                0x00000000080087d0       0x48 /usr/bin/../lib/gcc/arm-none-eabi/6.3.1/../../../../arm-none-eabi/lib/thumb/v7e-m/fpv4-sp/hard/libc_nano.a(lib_a-findfp.o)
 .text.__sfmoreglue
                0x0000000008008818       0x2c /usr/bin/../lib/gcc/arm-none-eabi/6.3.1/../../../../arm-none-eabi/lib/thumb/v7e-m/fpv4-sp/hard/libc_nano.a(lib_a-findfp.o)
                0x0000000008008818                __sfmoreglue
 .text.__sinit  0x0000000008008844       0x60 /usr/bin/../lib/gcc/arm-none-eabi/6.3.1/../../../../arm-none-eabi/lib/thumb/v7e-m/fpv4-sp/hard/libc_nano.a(lib_a-findfp.o)
                0x0000000008008844                __sinit
 .text.__sfp    0x00000000080088a4       0x78 /usr/bin/../lib/gcc/arm-none-eabi/6.3.1/../../../../arm-none-eabi/lib/thumb/v7e-m/fpv4-sp/hard/libc_nano.a(lib_a-findfp.o)
                0x00000000080088a4                __sfp
 .text._fwalk_reent
                0x000000000800891c       0x3c /usr/bin/../lib/gcc/arm-none-eabi/6.3.1/../../../../arm-none-eabi/lib/thumb/v7e-m/fpv4-sp/hard/libc_nano.a(lib_a-fwalk.o)
                0x000000000800891c                _fwalk_reent
 .text.__swhatbuf_r
                0x0000000008008958       0x48 /usr/bin/../lib/gcc/arm-none-eabi/6.3.1/../../../../arm-none-eabi/lib/thumb/v7e-m/fpv4-sp/hard/libc_nano.a(lib_a-makebuf.o)
                0x0000000008008958                __swhatbuf_r
 .text.__smakebuf_r
                0x00000000080089a0       0x80 /usr/bin/../lib/gcc/arm-none-eabi/6.3.1/../../../../arm-none-eabi/lib/thumb/v7e-m/fpv4-sp/hard/libc_nano.a(lib_a-makebuf.o)
                0x00000000080089a0                __smakebuf_r
 .text.__malloc_lock
                0x0000000008008a20        0x2 /usr/bin/../lib/gcc/arm-none-eabi/6.3.1/../../../../arm-none-eabi/lib/thumb/v7e-m/fpv4-sp/hard/libc_nano.a(lib_a-mlock.o)
                0x0000000008008a20                __malloc_lock
 .text.__malloc_unlock
                0x0000000008008a22        0x2 /usr/bin/../lib/gcc/arm-none-eabi/6.3.1/../../../../arm-none-eabi/lib/thumb/v7e-m/fpv4-sp/hard/libc_nano.a(lib_a-mlock.o)
                0x0000000008008a22                __malloc_unlock
 .text.__ssputs_r
                0x0000000008008a24       0xb6 /usr/bin/../lib/gcc/arm-none-eabi/6.3.1/../../../../arm-none-eabi/lib/thumb/v7e-m/fpv4-sp/hard/libc_nano.a(lib_a-nano-svfprintf.o)
                0x0000000008008a24                __ssputs_r
 *fill*         0x0000000008008ada        0x2 
 .text._svfprintf_r
                0x0000000008008adc      0x1e8 /usr/bin/../lib/gcc/arm-none-eabi/6.3.1/../../../../arm-none-eabi/lib/thumb/v7e-m/fpv4-sp/hard/libc_nano.a(lib_a-nano-svfprintf.o)
                0x0000000008008adc                _svfprintf_r
                0x0000000008008adc                _svfiprintf_r
 .text._printf_common
                0x0000000008008cc4       0xec /usr/bin/../lib/gcc/arm-none-eabi/6.3.1/../../../../arm-none-eabi/lib/thumb/v7e-m/fpv4-sp/hard/libc_nano.a(lib_a-nano-vfprintf_i.o)
                0x0000000008008cc4                _printf_common
 .text._printf_i
                0x0000000008008db0      0x240 /usr/bin/../lib/gcc/arm-none-eabi/6.3.1/../../../../arm-none-eabi/lib/thumb/v7e-m/fpv4-sp/hard/libc_nano.a(lib_a-nano-vfprintf_i.o)
                0x0000000008008db0                _printf_i
 .text.__sread  0x0000000008008ff0       0x22 /usr/bin/../lib/gcc/arm-none-eabi/6.3.1/../../../../arm-none-eabi/lib/thumb/v7e-m/fpv4-sp/hard/libc_nano.a(lib_a-stdio.o)
                0x0000000008008ff0                __sread
 .text.__swrite
                0x0000000008009012       0x38 /usr/bin/../lib/gcc/arm-none-eabi/6.3.1/../../../../arm-none-eabi/lib/thumb/v7e-m/fpv4-sp/hard/libc_nano.a(lib_a-stdio.o)
                0x0000000008009012                __swrite
 .text.__sseek  0x000000000800904a       0x24 /usr/bin/../lib/gcc/arm-none-eabi/6.3.1/../../../../arm-none-eabi/lib/thumb/v7e-m/fpv4-sp/hard/libc_nano.a(lib_a-stdio.o)
                0x000000000800904a                __sseek
 .text.__sclose
                0x000000000800906e        0x8 /usr/bin/../lib/gcc/arm-none-eabi/6.3.1/../../../../arm-none-eabi/lib/thumb/v7e-m/fpv4-sp/hard/libc_nano.a(lib_a-stdio.o)
                0x000000000800906e                __sclose
 *fill*         0x0000000008009076        0x2 
 .text._close_r
                0x0000000008009078       0x20 /usr/bin/../lib/gcc/arm-none-eabi/6.3.1/../../../../arm-none-eabi/lib/thumb/v7e-m/fpv4-sp/hard/libc_nano.a(lib_a-closer.o)
                0x0000000008009078                _close_r
 .text._fstat_r
                0x0000000008009098       0x24 /usr/bin/../lib/gcc/arm-none-eabi/6.3.1/../../../../arm-none-eabi/lib/thumb/v7e-m/fpv4-sp/hard/libc_nano.a(lib_a-fstatr.o)
                0x0000000008009098                _fstat_r
 .text._isatty_r
                0x00000000080090bc       0x20 /usr/bin/../lib/gcc/arm-none-eabi/6.3.1/../../../../arm-none-eabi/lib/thumb/v7e-m/fpv4-sp/hard/libc_nano.a(lib_a-isattyr.o)
                0x00000000080090bc                _isatty_r
 .text._lseek_r
                0x00000000080090dc       0x24 /usr/bin/../lib/gcc/arm-none-eabi/6.3.1/../../../../arm-none-eabi/lib/thumb/v7e-m/fpv4-sp/hard/libc_nano.a(lib_a-lseekr.o)
                0x00000000080090dc                _lseek_r
 .text.memmove  0x0000000008009100       0x34 /usr/bin/../lib/gcc/arm-none-eabi/6.3.1/../../../../arm-none-eabi/lib/thumb/v7e-m/fpv4-sp/hard/libc_nano.a(lib_a-memmove.o)
                0x0000000008009100                memmove
 .text._realloc_r
                0x0000000008009134       0x4c /usr/bin/../lib/gcc/arm-none-eabi/6.3.1/../../../../arm-none-eabi/lib/thumb/v7e-m/fpv4-sp/hard/libc_nano.a(lib_a-nano-reallocr.o)
                0x0000000008009134                _realloc_r
 .text._read_r  0x0000000008009180       0x24 /usr/bin/../lib/gcc/arm-none-eabi/6.3.1/../../../../arm-none-eabi/lib/thumb/v7e-m/fpv4-sp/hard/libc_nano.a(lib_a-readr.o)
                0x0000000008009180                _read_r
 .text._malloc_usable_size_r
                0x00000000080091a4       0x12 /usr/bin/../lib/gcc/arm-none-eabi/6.3.1/../../../../arm-none-eabi/lib/thumb/v7e-m/fpv4-sp/hard/libc_nano.a(lib_a-nano-msizer.o)
                0x00000000080091a4                _malloc_usable_size_r
 *fill*         0x00000000080091b6        0x2 
 .text._close   0x00000000080091b8       0x10 /usr/bin/../lib/gcc/arm-none-eabi/6.3.1/../../../../arm-none-eabi/lib/thumb/v7e-m/fpv4-sp/hard/libnosys.a(close.o)
                0x00000000080091b8                _close
 .text._fstat   0x00000000080091c8       0x10 /usr/bin/../lib/gcc/arm-none-eabi/6.3.1/../../../../arm-none-eabi/lib/thumb/v7e-m/fpv4-sp/hard/libnosys.a(fstat.o)
                0x00000000080091c8                _fstat
 .text._isatty  0x00000000080091d8       0x10 /usr/bin/../lib/gcc/arm-none-eabi/6.3.1/../../../../arm-none-eabi/lib/thumb/v7e-m/fpv4-sp/hard/libnosys.a(isatty.o)
                0x00000000080091d8                _isatty
 .text._lseek   0x00000000080091e8       0x10 /usr/bin/../lib/gcc/arm-none-eabi/6.3.1/../../../../arm-none-eabi/lib/thumb/v7e-m/fpv4-sp/hard/libnosys.a(lseek.o)
                0x00000000080091e8                _lseek
 .text._read    0x00000000080091f8       0x10 /usr/bin/../lib/gcc/arm-none-eabi/6.3.1/../../../../arm-none-eabi/lib/thumb/v7e-m/fpv4-sp/hard/libnosys.a(read.o)
                0x00000000080091f8                _read
 .text._sbrk    0x0000000008009208       0x1c /usr/bin/../lib/gcc/arm-none-eabi/6.3.1/../../../../arm-none-eabi/lib/thumb/v7e-m/fpv4-sp/hard/libnosys.a(sbrk.o)
                0x0000000008009208                _sbrk
 *(.glue_7)
 .glue_7        0x0000000008009224        0x0 linker stubs
 *(.glue_7t)
 .glue_7t       0x0000000008009224        0x0 linker stubs
 *(.eh_frame)
 .eh_frame      0x0000000008009224        0x0 /usr/bin/../lib/gcc/arm-none-eabi/6.3.1/thumb/v7e-m/fpv4-sp/hard/crtbegin.o
 *(.init)
 .init          0x0000000008009224        0x4 /usr/bin/../lib/gcc/arm-none-eabi/6.3.1/thumb/v7e-m/fpv4-sp/hard/crti.o
                0x0000000008009224                _init
 .init          0x0000000008009228        0x8 /usr/bin/../lib/gcc/arm-none-eabi/6.3.1/thumb/v7e-m/fpv4-sp/hard/crtn.o
 *(.fini)
 .fini          0x0000000008009230        0x4 /usr/bin/../lib/gcc/arm-none-eabi/6.3.1/thumb/v7e-m/fpv4-sp/hard/crti.o
                0x0000000008009230                _fini
 .fini          0x0000000008009234        0x8 /usr/bin/../lib/gcc/arm-none-eabi/6.3.1/thumb/v7e-m/fpv4-sp/hard/crtn.o
                0x000000000800923c                . = ALIGN (0x4)
                0x000000000800923c                _etext = .

.vfp11_veneer   0x000000000800923c        0x0
 .vfp11_veneer  0x000000000800923c        0x0 linker stubs

.v4_bx          0x000000000800923c        0x0
 .v4_bx         0x000000000800923c        0x0 linker stubs

.iplt           0x000000000800923c        0x0
 .iplt          0x000000000800923c        0x0 /usr/bin/../lib/gcc/arm-none-eabi/6.3.1/thumb/v7e-m/fpv4-sp/hard/crtbegin.o

.rodata         0x000000000800923c      0x170
                0x000000000800923c                . = ALIGN (0x4)
 *(.rodata)
 .rodata        0x000000000800923c       0x4f build/main.o
 *fill*         0x000000000800928b        0x1 
 .rodata        0x000000000800928c       0x10 build/usbd_conf.o
 .rodata        0x000000000800929c       0x56 build/usbd_desc.o
 *fill*         0x00000000080092f2        0x2 
 .rodata        0x00000000080092f4        0x5 build/tasks.o
 *(.rodata*)
 *fill*         0x00000000080092f9        0x3 
 .rodata.AHBPrescTable
                0x00000000080092fc       0x10 build/system_stm32f4xx.o
                0x00000000080092fc                AHBPrescTable
 .rodata.APBPrescTable
                0x000000000800930c        0x8 build/system_stm32f4xx.o
                0x000000000800930c                APBPrescTable
 .rodata._global_impure_ptr
                0x0000000008009314        0x4 /usr/bin/../lib/gcc/arm-none-eabi/6.3.1/../../../../arm-none-eabi/lib/thumb/v7e-m/fpv4-sp/hard/libc_nano.a(lib_a-impure.o)
                0x0000000008009314                _global_impure_ptr
 .rodata.__sf_fake_stderr
                0x0000000008009318       0x20 /usr/bin/../lib/gcc/arm-none-eabi/6.3.1/../../../../arm-none-eabi/lib/thumb/v7e-m/fpv4-sp/hard/libc_nano.a(lib_a-findfp.o)
                0x0000000008009318                __sf_fake_stderr
 .rodata.__sf_fake_stdin
                0x0000000008009338       0x20 /usr/bin/../lib/gcc/arm-none-eabi/6.3.1/../../../../arm-none-eabi/lib/thumb/v7e-m/fpv4-sp/hard/libc_nano.a(lib_a-findfp.o)
                0x0000000008009338                __sf_fake_stdin
 .rodata.__sf_fake_stdout
                0x0000000008009358       0x20 /usr/bin/../lib/gcc/arm-none-eabi/6.3.1/../../../../arm-none-eabi/lib/thumb/v7e-m/fpv4-sp/hard/libc_nano.a(lib_a-findfp.o)
                0x0000000008009358                __sf_fake_stdout
 .rodata._svfprintf_r.str1.1
                0x0000000008009378       0x11 /usr/bin/../lib/gcc/arm-none-eabi/6.3.1/../../../../arm-none-eabi/lib/thumb/v7e-m/fpv4-sp/hard/libc_nano.a(lib_a-nano-svfprintf.o)
 .rodata._printf_i.str1.1
                0x0000000008009389       0x22 /usr/bin/../lib/gcc/arm-none-eabi/6.3.1/../../../../arm-none-eabi/lib/thumb/v7e-m/fpv4-sp/hard/libc_nano.a(lib_a-nano-vfprintf_i.o)
                0x00000000080093ac                . = ALIGN (0x4)
 *fill*         0x00000000080093ab        0x1 

.ARM.extab
 *(.ARM.extab* .gnu.linkonce.armextab.*)

.ARM            0x00000000080093ac        0x8
                0x00000000080093ac                __exidx_start = .
 *(.ARM.exidx*)
 .ARM.exidx     0x00000000080093ac        0x8 /usr/bin/../lib/gcc/arm-none-eabi/6.3.1/thumb/v7e-m/fpv4-sp/hard/libgcc.a(_udivmoddi4.o)
                0x00000000080093b4                __exidx_end = .

.rel.dyn        0x00000000080093b4        0x0
 .rel.iplt      0x00000000080093b4        0x0 /usr/bin/../lib/gcc/arm-none-eabi/6.3.1/thumb/v7e-m/fpv4-sp/hard/crtbegin.o

.preinit_array  0x00000000080093b4        0x0
                0x00000000080093b4                PROVIDE (__preinit_array_start, .)
 *(.preinit_array*)
                0x00000000080093b4                PROVIDE (__preinit_array_end, .)

.init_array     0x00000000080093b4        0x4
                0x00000000080093b4                PROVIDE (__init_array_start, .)
 *(SORT(.init_array.*))
 *(.init_array*)
 .init_array    0x00000000080093b4        0x4 /usr/bin/../lib/gcc/arm-none-eabi/6.3.1/thumb/v7e-m/fpv4-sp/hard/crtbegin.o
                0x00000000080093b8                PROVIDE (__init_array_end, .)

.fini_array     0x00000000080093b8        0x4
                [!provide]                        PROVIDE (__fini_array_start, .)
 *(SORT(.fini_array.*))
 *(.fini_array*)
 .fini_array    0x00000000080093b8        0x4 /usr/bin/../lib/gcc/arm-none-eabi/6.3.1/thumb/v7e-m/fpv4-sp/hard/crtbegin.o
                [!provide]                        PROVIDE (__fini_array_end, .)
                0x00000000080093bc                _sidata = LOADADDR (.data)

.data           0x0000000020000000      0x1c0 load address 0x00000000080093bc
                0x0000000020000000                . = ALIGN (0x4)
                0x0000000020000000                _sdata = .
 *(.data)
 *(.data*)
 .data.SystemCoreClock
                0x0000000020000000        0x4 build/system_stm32f4xx.o
                0x0000000020000000                SystemCoreClock
 .data.USBD_CDC_DeviceQualifierDesc
                0x0000000020000004        0xa build/usbd_cdc.o
 *fill*         0x000000002000000e        0x2 
 .data.USBD_CDC
                0x0000000020000010       0x38 build/usbd_cdc.o
                0x0000000020000010                USBD_CDC
 .data.USBD_CDC_CfgHSDesc
                0x0000000020000048       0x43 build/usbd_cdc.o
                0x0000000020000048                USBD_CDC_CfgHSDesc
 *fill*         0x000000002000008b        0x1 
 .data.USBD_CDC_CfgFSDesc
                0x000000002000008c       0x43 build/usbd_cdc.o
                0x000000002000008c                USBD_CDC_CfgFSDesc
 *fill*         0x00000000200000cf        0x1 
 .data.USBD_CDC_OtherSpeedCfgDesc
                0x00000000200000d0       0x43 build/usbd_cdc.o
                0x00000000200000d0                USBD_CDC_OtherSpeedCfgDesc
 *fill*         0x0000000020000113        0x1 
 .data.uxCriticalNesting
                0x0000000020000114        0x4 build/port.o
 .data.HS_Desc  0x0000000020000118       0x1c build/usbd_desc.o
                0x0000000020000118                HS_Desc
 .data.USBD_HS_DeviceDesc
                0x0000000020000134       0x12 build/usbd_desc.o
                0x0000000020000134                USBD_HS_DeviceDesc
 *fill*         0x0000000020000146        0x2 
 .data.USBD_LangIDDesc
                0x0000000020000148        0x4 build/usbd_desc.o
                0x0000000020000148                USBD_LangIDDesc
 .data.USBD_Interface_fops_HS
                0x000000002000014c       0x10 build/usbd_cdc_if.o
                0x000000002000014c                USBD_Interface_fops_HS
 .data._impure_ptr
                0x000000002000015c        0x4 /usr/bin/../lib/gcc/arm-none-eabi/6.3.1/../../../../arm-none-eabi/lib/thumb/v7e-m/fpv4-sp/hard/libc_nano.a(lib_a-impure.o)
                0x000000002000015c                _impure_ptr
 .data.impure_data
                0x0000000020000160       0x60 /usr/bin/../lib/gcc/arm-none-eabi/6.3.1/../../../../arm-none-eabi/lib/thumb/v7e-m/fpv4-sp/hard/libc_nano.a(lib_a-impure.o)
                0x00000000200001c0                . = ALIGN (0x4)
                0x00000000200001c0                _edata = .
                0x000000000800957c                _siccmram = LOADADDR (.ccmram)

.jcr            0x00000000200001c0        0x0 load address 0x000000000800957c
 .jcr           0x00000000200001c0        0x0 /usr/bin/../lib/gcc/arm-none-eabi/6.3.1/thumb/v7e-m/fpv4-sp/hard/crtbegin.o

.igot.plt       0x00000000200001c0        0x0 load address 0x000000000800957c
 .igot.plt      0x00000000200001c0        0x0 /usr/bin/../lib/gcc/arm-none-eabi/6.3.1/thumb/v7e-m/fpv4-sp/hard/crtbegin.o

.ccmram         0x0000000010000000        0x0 load address 0x000000000800957c
                0x0000000010000000                . = ALIGN (0x4)
                0x0000000010000000                _sccmram = .
 *(.ccmram)
 *(.ccmram*)
                0x0000000010000000                . = ALIGN (0x4)
                0x0000000010000000                _eccmram = .
                0x0000000010000000                . = ALIGN (0x4)

.bss            0x00000000200001c0     0x561c
                0x00000000200001c0                _sbss = .
                0x00000000200001c0                __bss_start__ = _sbss
 *(.bss)
 .bss           0x00000000200001c0       0x1c /usr/bin/../lib/gcc/arm-none-eabi/6.3.1/thumb/v7e-m/fpv4-sp/hard/crtbegin.o
 *(.bss*)
 .bss.MessageLength
                0x00000000200001dc        0x2 build/main.o
                0x00000000200001dc                MessageLength
 *fill*         0x00000000200001de        0x2 
 .bss.ucHeap    0x00000000200001e0     0x3c00 build/heap_4.o
 .bss.xStart    0x0000000020003de0        0x8 build/heap_4.o
 .bss.pxEnd     0x0000000020003de8        0x4 build/heap_4.o
 .bss.xFreeBytesRemaining
                0x0000000020003dec        0x4 build/heap_4.o
 .bss.xMinimumEverFreeBytesRemaining
                0x0000000020003df0        0x4 build/heap_4.o
 .bss.xBlockAllocatedBit
                0x0000000020003df4        0x4 build/heap_4.o
 .bss.ifalt.10081
                0x0000000020003df8        0x1 build/usbd_cdc.o
 .bss.ucMaxSysCallPriority
                0x0000000020003df9        0x1 build/port.o
 *fill*         0x0000000020003dfa        0x2 
 .bss.ulMaxPRIGROUPValue
                0x0000000020003dfc        0x4 build/port.o
 .bss.cfgidx.10086
                0x0000000020003e00        0x1 build/usbd_ctlreq.o
 *fill*         0x0000000020003e01        0x3 
 .bss.pxCurrentTCB
                0x0000000020003e04        0x4 build/tasks.o
                0x0000000020003e04                pxCurrentTCB
 .bss.pxReadyTasksLists
                0x0000000020003e08       0x8c build/tasks.o
 .bss.xDelayedTaskList1
                0x0000000020003e94       0x14 build/tasks.o
 .bss.xDelayedTaskList2
                0x0000000020003ea8       0x14 build/tasks.o
 .bss.pxDelayedTaskList
                0x0000000020003ebc        0x4 build/tasks.o
 .bss.pxOverflowDelayedTaskList
                0x0000000020003ec0        0x4 build/tasks.o
 .bss.xPendingReadyList
                0x0000000020003ec4       0x14 build/tasks.o
 .bss.xTasksWaitingTermination
                0x0000000020003ed8       0x14 build/tasks.o
 .bss.uxDeletedTasksWaitingCleanUp
                0x0000000020003eec        0x4 build/tasks.o
 .bss.xSuspendedTaskList
                0x0000000020003ef0       0x14 build/tasks.o
 .bss.uxCurrentNumberOfTasks
                0x0000000020003f04        0x4 build/tasks.o
 .bss.xTickCount
                0x0000000020003f08        0x4 build/tasks.o
 .bss.uxTopReadyPriority
                0x0000000020003f0c        0x4 build/tasks.o
 .bss.xSchedulerRunning
                0x0000000020003f10        0x4 build/tasks.o
 .bss.uxPendedTicks
                0x0000000020003f14        0x4 build/tasks.o
 .bss.xYieldPending
                0x0000000020003f18        0x4 build/tasks.o
 .bss.xNumOfOverflows
                0x0000000020003f1c        0x4 build/tasks.o
 .bss.uxTaskNumber
                0x0000000020003f20        0x4 build/tasks.o
 .bss.xNextTaskUnblockTime
                0x0000000020003f24        0x4 build/tasks.o
 .bss.xIdleTaskHandle
                0x0000000020003f28        0x4 build/tasks.o
 .bss.uxSchedulerSuspended
                0x0000000020003f2c        0x4 build/tasks.o
 .bss.__malloc_free_list
                0x0000000020003f30        0x4 /usr/bin/../lib/gcc/arm-none-eabi/6.3.1/../../../../arm-none-eabi/lib/thumb/v7e-m/fpv4-sp/hard/libc_nano.a(lib_a-nano-mallocr.o)
                0x0000000020003f30                __malloc_free_list
 .bss.__malloc_sbrk_start
                0x0000000020003f34        0x4 /usr/bin/../lib/gcc/arm-none-eabi/6.3.1/../../../../arm-none-eabi/lib/thumb/v7e-m/fpv4-sp/hard/libc_nano.a(lib_a-nano-mallocr.o)
                0x0000000020003f34                __malloc_sbrk_start
 .bss.heap_end.5239
                0x0000000020003f38        0x4 /usr/bin/../lib/gcc/arm-none-eabi/6.3.1/../../../../arm-none-eabi/lib/thumb/v7e-m/fpv4-sp/hard/libnosys.a(sbrk.o)
 *(COMMON)
 COMMON         0x0000000020003f3c      0x224 build/usb_device.o
                0x0000000020003f3c                hUsbDeviceHS
 COMMON         0x0000000020004160       0x48 build/main.o
                0x0000000020004160                defaultTaskHandle
                0x0000000020004164                DataToSend
                0x0000000020004168                huart1
 COMMON         0x00000000200041a8      0x3f0 build/usbd_conf.o
                0x00000000200041a8                hpcd_USB_OTG_HS
 COMMON         0x0000000020004598       0x3c build/stm32f4xx_hal_timebase_TIM.o
                0x0000000020004598                htim6
 COMMON         0x00000000200045d4        0x4 build/stm32f4xx_hal.o
                0x00000000200045d4                uwTick
 COMMON         0x00000000200045d8      0x200 build/usbd_desc.o
                0x00000000200045d8                USBD_StrDesc
 COMMON         0x00000000200047d8     0x1000 build/usbd_cdc_if.o
                0x00000000200047d8                UserRxBufferHS
                0x0000000020004fd8                UserTxBufferHS
 COMMON         0x00000000200057d8        0x4 /usr/bin/../lib/gcc/arm-none-eabi/6.3.1/../../../../arm-none-eabi/lib/thumb/v7e-m/fpv4-sp/hard/libc_nano.a(lib_a-reent.o)
                0x00000000200057d8                errno
                0x00000000200057dc                . = ALIGN (0x4)
                0x00000000200057dc                _ebss = .
                0x00000000200057dc                __bss_end__ = _ebss

._user_heap_stack
                0x00000000200057dc      0x604
                0x00000000200057e0                . = ALIGN (0x8)
 *fill*         0x00000000200057dc        0x4 
                0x00000000200057e0                PROVIDE (end, .)
                [!provide]                        PROVIDE (_end, .)
                0x00000000200059e0                . = (. + _Min_Heap_Size)
 *fill*         0x00000000200057e0      0x200 
                0x0000000020005de0                . = (. + _Min_Stack_Size)
 *fill*         0x00000000200059e0      0x400 
                0x0000000020005de0                . = ALIGN (0x8)

/DISCARD/
 libc.a(*)
 libm.a(*)
 libgcc.a(*)

.ARM.attributes
                0x0000000000000000       0x30
 *(.ARM.attributes)
 .ARM.attributes
                0x0000000000000000       0x22 /usr/bin/../lib/gcc/arm-none-eabi/6.3.1/thumb/v7e-m/fpv4-sp/hard/crti.o
 .ARM.attributes
                0x0000000000000022       0x34 /usr/bin/../lib/gcc/arm-none-eabi/6.3.1/thumb/v7e-m/fpv4-sp/hard/crtbegin.o
 .ARM.attributes
                0x0000000000000056       0x39 build/stm32f4xx_it.o
 .ARM.attributes
                0x000000000000008f       0x39 build/usb_device.o
 .ARM.attributes
                0x00000000000000c8       0x39 build/main.o
 .ARM.attributes
                0x0000000000000101       0x39 build/heap_4.o
 .ARM.attributes
                0x000000000000013a       0x39 build/stm32f4xx_ll_usb.o
 .ARM.attributes
                0x0000000000000173       0x39 build/stm32f4xx_hal_pcd_ex.o
 .ARM.attributes
                0x00000000000001ac       0x39 build/system_stm32f4xx.o
 .ARM.attributes
                0x00000000000001e5       0x39 build/usbd_conf.o
 .ARM.attributes
                0x000000000000021e       0x39 build/cmsis_os.o
 .ARM.attributes
                0x0000000000000257       0x39 build/stm32f4xx_hal_msp.o
 .ARM.attributes
                0x0000000000000290       0x39 build/stm32f4xx_hal_pcd.o
 .ARM.attributes
                0x00000000000002c9       0x39 build/usbd_cdc.o
 .ARM.attributes
                0x0000000000000302       0x39 build/port.o
 .ARM.attributes
                0x000000000000033b       0x39 build/stm32f4xx_hal_timebase_TIM.o
 .ARM.attributes
                0x0000000000000374       0x39 build/usbd_ctlreq.o
 .ARM.attributes
                0x00000000000003ad       0x39 build/stm32f4xx_hal_cortex.o
 .ARM.attributes
                0x00000000000003e6       0x39 build/stm32f4xx_hal_tim.o
 .ARM.attributes
                0x000000000000041f       0x39 build/list.o
 .ARM.attributes
                0x0000000000000458       0x39 build/stm32f4xx_hal_rcc.o
 .ARM.attributes
                0x0000000000000491       0x39 build/stm32f4xx_hal_tim_ex.o
 .ARM.attributes
                0x00000000000004ca       0x39 build/usbd_ioreq.o
 .ARM.attributes
                0x0000000000000503       0x39 build/stm32f4xx_hal_gpio.o
 .ARM.attributes
                0x000000000000053c       0x39 build/stm32f4xx_hal.o
 .ARM.attributes
                0x0000000000000575       0x39 build/usbd_desc.o
 .ARM.attributes
                0x00000000000005ae       0x39 build/usbd_cdc_if.o
 .ARM.attributes
                0x00000000000005e7       0x39 build/usbd_core.o
 .ARM.attributes
                0x0000000000000620       0x39 build/tasks.o
 .ARM.attributes
                0x0000000000000659       0x39 build/stm32f4xx_hal_uart.o
 .ARM.attributes
                0x0000000000000692       0x21 build/startup_stm32f429xx.o
 .ARM.attributes
                0x00000000000006b3       0x34 /usr/bin/../lib/gcc/arm-none-eabi/6.3.1/../../../../arm-none-eabi/lib/thumb/v7e-m/fpv4-sp/hard/libc_nano.a(lib_a-impure.o)
 .ARM.attributes
                0x00000000000006e7       0x34 /usr/bin/../lib/gcc/arm-none-eabi/6.3.1/../../../../arm-none-eabi/lib/thumb/v7e-m/fpv4-sp/hard/libc_nano.a(lib_a-init.o)
 .ARM.attributes
                0x000000000000071b       0x34 /usr/bin/../lib/gcc/arm-none-eabi/6.3.1/../../../../arm-none-eabi/lib/thumb/v7e-m/fpv4-sp/hard/libc_nano.a(lib_a-malloc.o)
 .ARM.attributes
                0x000000000000074f       0x34 /usr/bin/../lib/gcc/arm-none-eabi/6.3.1/../../../../arm-none-eabi/lib/thumb/v7e-m/fpv4-sp/hard/libc_nano.a(lib_a-memcpy-stub.o)
 .ARM.attributes
                0x0000000000000783       0x34 /usr/bin/../lib/gcc/arm-none-eabi/6.3.1/../../../../arm-none-eabi/lib/thumb/v7e-m/fpv4-sp/hard/libc_nano.a(lib_a-memset.o)
 .ARM.attributes
                0x00000000000007b7       0x34 /usr/bin/../lib/gcc/arm-none-eabi/6.3.1/../../../../arm-none-eabi/lib/thumb/v7e-m/fpv4-sp/hard/libc_nano.a(lib_a-nano-freer.o)
 .ARM.attributes
                0x00000000000007eb       0x34 /usr/bin/../lib/gcc/arm-none-eabi/6.3.1/../../../../arm-none-eabi/lib/thumb/v7e-m/fpv4-sp/hard/libc_nano.a(lib_a-nano-mallocr.o)
 .ARM.attributes
                0x000000000000081f       0x34 /usr/bin/../lib/gcc/arm-none-eabi/6.3.1/../../../../arm-none-eabi/lib/thumb/v7e-m/fpv4-sp/hard/libc_nano.a(lib_a-puts.o)
 .ARM.attributes
                0x0000000000000853       0x34 /usr/bin/../lib/gcc/arm-none-eabi/6.3.1/../../../../arm-none-eabi/lib/thumb/v7e-m/fpv4-sp/hard/libc_nano.a(lib_a-sbrkr.o)
 .ARM.attributes
                0x0000000000000887       0x34 /usr/bin/../lib/gcc/arm-none-eabi/6.3.1/../../../../arm-none-eabi/lib/thumb/v7e-m/fpv4-sp/hard/libc_nano.a(lib_a-sprintf.o)
 .ARM.attributes
                0x00000000000008bb       0x34 /usr/bin/../lib/gcc/arm-none-eabi/6.3.1/../../../../arm-none-eabi/lib/thumb/v7e-m/fpv4-sp/hard/libc_nano.a(lib_a-wbuf.o)
 .ARM.attributes
                0x00000000000008ef       0x34 /usr/bin/../lib/gcc/arm-none-eabi/6.3.1/../../../../arm-none-eabi/lib/thumb/v7e-m/fpv4-sp/hard/libc_nano.a(lib_a-wsetup.o)
 .ARM.attributes
                0x0000000000000923       0x34 /usr/bin/../lib/gcc/arm-none-eabi/6.3.1/../../../../arm-none-eabi/lib/thumb/v7e-m/fpv4-sp/hard/libc_nano.a(lib_a-fflush.o)
 .ARM.attributes
                0x0000000000000957       0x34 /usr/bin/../lib/gcc/arm-none-eabi/6.3.1/../../../../arm-none-eabi/lib/thumb/v7e-m/fpv4-sp/hard/libc_nano.a(lib_a-findfp.o)
 .ARM.attributes
                0x000000000000098b       0x34 /usr/bin/../lib/gcc/arm-none-eabi/6.3.1/../../../../arm-none-eabi/lib/thumb/v7e-m/fpv4-sp/hard/libc_nano.a(lib_a-fwalk.o)
 .ARM.attributes
                0x00000000000009bf       0x34 /usr/bin/../lib/gcc/arm-none-eabi/6.3.1/../../../../arm-none-eabi/lib/thumb/v7e-m/fpv4-sp/hard/libc_nano.a(lib_a-makebuf.o)
 .ARM.attributes
                0x00000000000009f3       0x34 /usr/bin/../lib/gcc/arm-none-eabi/6.3.1/../../../../arm-none-eabi/lib/thumb/v7e-m/fpv4-sp/hard/libc_nano.a(lib_a-mlock.o)
 .ARM.attributes
                0x0000000000000a27       0x34 /usr/bin/../lib/gcc/arm-none-eabi/6.3.1/../../../../arm-none-eabi/lib/thumb/v7e-m/fpv4-sp/hard/libc_nano.a(lib_a-nano-svfprintf.o)
 .ARM.attributes
                0x0000000000000a5b       0x34 /usr/bin/../lib/gcc/arm-none-eabi/6.3.1/../../../../arm-none-eabi/lib/thumb/v7e-m/fpv4-sp/hard/libc_nano.a(lib_a-nano-vfprintf_i.o)
 .ARM.attributes
                0x0000000000000a8f       0x34 /usr/bin/../lib/gcc/arm-none-eabi/6.3.1/../../../../arm-none-eabi/lib/thumb/v7e-m/fpv4-sp/hard/libc_nano.a(lib_a-reent.o)
 .ARM.attributes
                0x0000000000000ac3       0x34 /usr/bin/../lib/gcc/arm-none-eabi/6.3.1/../../../../arm-none-eabi/lib/thumb/v7e-m/fpv4-sp/hard/libc_nano.a(lib_a-stdio.o)
 .ARM.attributes
                0x0000000000000af7       0x34 /usr/bin/../lib/gcc/arm-none-eabi/6.3.1/../../../../arm-none-eabi/lib/thumb/v7e-m/fpv4-sp/hard/libc_nano.a(lib_a-closer.o)
 .ARM.attributes
                0x0000000000000b2b       0x34 /usr/bin/../lib/gcc/arm-none-eabi/6.3.1/../../../../arm-none-eabi/lib/thumb/v7e-m/fpv4-sp/hard/libc_nano.a(lib_a-fstatr.o)
 .ARM.attributes
                0x0000000000000b5f       0x34 /usr/bin/../lib/gcc/arm-none-eabi/6.3.1/../../../../arm-none-eabi/lib/thumb/v7e-m/fpv4-sp/hard/libc_nano.a(lib_a-isattyr.o)
 .ARM.attributes
                0x0000000000000b93       0x34 /usr/bin/../lib/gcc/arm-none-eabi/6.3.1/../../../../arm-none-eabi/lib/thumb/v7e-m/fpv4-sp/hard/libc_nano.a(lib_a-lseekr.o)
 .ARM.attributes
                0x0000000000000bc7       0x20 /usr/bin/../lib/gcc/arm-none-eabi/6.3.1/../../../../arm-none-eabi/lib/thumb/v7e-m/fpv4-sp/hard/libc_nano.a(lib_a-memchr.o)
 .ARM.attributes
                0x0000000000000be7       0x34 /usr/bin/../lib/gcc/arm-none-eabi/6.3.1/../../../../arm-none-eabi/lib/thumb/v7e-m/fpv4-sp/hard/libc_nano.a(lib_a-memmove.o)
 .ARM.attributes
                0x0000000000000c1b       0x34 /usr/bin/../lib/gcc/arm-none-eabi/6.3.1/../../../../arm-none-eabi/lib/thumb/v7e-m/fpv4-sp/hard/libc_nano.a(lib_a-nano-reallocr.o)
 .ARM.attributes
                0x0000000000000c4f       0x34 /usr/bin/../lib/gcc/arm-none-eabi/6.3.1/../../../../arm-none-eabi/lib/thumb/v7e-m/fpv4-sp/hard/libc_nano.a(lib_a-readr.o)
 .ARM.attributes
                0x0000000000000c83       0x34 /usr/bin/../lib/gcc/arm-none-eabi/6.3.1/../../../../arm-none-eabi/lib/thumb/v7e-m/fpv4-sp/hard/libc_nano.a(lib_a-nano-msizer.o)
 .ARM.attributes
                0x0000000000000cb7       0x34 /usr/bin/../lib/gcc/arm-none-eabi/6.3.1/../../../../arm-none-eabi/lib/thumb/v7e-m/fpv4-sp/hard/libnosys.a(close.o)
 .ARM.attributes
                0x0000000000000ceb       0x34 /usr/bin/../lib/gcc/arm-none-eabi/6.3.1/../../../../arm-none-eabi/lib/thumb/v7e-m/fpv4-sp/hard/libnosys.a(fstat.o)
 .ARM.attributes
                0x0000000000000d1f       0x34 /usr/bin/../lib/gcc/arm-none-eabi/6.3.1/../../../../arm-none-eabi/lib/thumb/v7e-m/fpv4-sp/hard/libnosys.a(isatty.o)
 .ARM.attributes
                0x0000000000000d53       0x34 /usr/bin/../lib/gcc/arm-none-eabi/6.3.1/../../../../arm-none-eabi/lib/thumb/v7e-m/fpv4-sp/hard/libnosys.a(lseek.o)
 .ARM.attributes
                0x0000000000000d87       0x34 /usr/bin/../lib/gcc/arm-none-eabi/6.3.1/../../../../arm-none-eabi/lib/thumb/v7e-m/fpv4-sp/hard/libnosys.a(read.o)
 .ARM.attributes
                0x0000000000000dbb       0x34 /usr/bin/../lib/gcc/arm-none-eabi/6.3.1/../../../../arm-none-eabi/lib/thumb/v7e-m/fpv4-sp/hard/libnosys.a(sbrk.o)
 .ARM.attributes
                0x0000000000000def       0x22 /usr/bin/../lib/gcc/arm-none-eabi/6.3.1/thumb/v7e-m/fpv4-sp/hard/libgcc.a(_aeabi_uldivmod.o)
 .ARM.attributes
                0x0000000000000e11       0x34 /usr/bin/../lib/gcc/arm-none-eabi/6.3.1/thumb/v7e-m/fpv4-sp/hard/libgcc.a(_udivmoddi4.o)
 .ARM.attributes
                0x0000000000000e45       0x22 /usr/bin/../lib/gcc/arm-none-eabi/6.3.1/thumb/v7e-m/fpv4-sp/hard/libgcc.a(_dvmd_tls.o)
 .ARM.attributes
                0x0000000000000e67       0x22 /usr/bin/../lib/gcc/arm-none-eabi/6.3.1/thumb/v7e-m/fpv4-sp/hard/crtn.o
OUTPUT(build/MiDi.elf elf32-littlearm)

.debug_info     0x0000000000000000    0x26488
 .debug_info    0x0000000000000000     0x13ca build/stm32f4xx_it.o
 .debug_info    0x00000000000013ca      0xf7c build/usb_device.o
 .debug_info    0x0000000000002346     0x2413 build/main.o
 .debug_info    0x0000000000004759      0xd0b build/heap_4.o
 .debug_info    0x0000000000005464     0x1f3d build/stm32f4xx_ll_usb.o
 .debug_info    0x00000000000073a1      0xf2e build/stm32f4xx_hal_pcd_ex.o
 .debug_info    0x00000000000082cf      0xea6 build/system_stm32f4xx.o
 .debug_info    0x0000000000009175     0x21d1 build/usbd_conf.o
 .debug_info    0x000000000000b346     0x1d37 build/cmsis_os.o
 .debug_info    0x000000000000d07d     0x1501 build/stm32f4xx_hal_msp.o
 .debug_info    0x000000000000e57e     0x1972 build/stm32f4xx_hal_pcd.o
 .debug_info    0x000000000000fef0     0x1497 build/usbd_cdc.o
 .debug_info    0x0000000000011387      0x54e build/port.o
 .debug_info    0x00000000000118d5     0x1519 build/stm32f4xx_hal_timebase_TIM.o
 .debug_info    0x0000000000012dee     0x1272 build/usbd_ctlreq.o
 .debug_info    0x0000000000014060     0x1825 build/stm32f4xx_hal_cortex.o
 .debug_info    0x0000000000015885     0x2dd0 build/stm32f4xx_hal_tim.o
 .debug_info    0x0000000000018655      0xbea build/list.o
 .debug_info    0x000000000001923f     0x1284 build/stm32f4xx_hal_rcc.o
 .debug_info    0x000000000001a4c3     0x1a2f build/stm32f4xx_hal_tim_ex.o
 .debug_info    0x000000000001bef2     0x1057 build/usbd_ioreq.o
 .debug_info    0x000000000001cf49     0x112a build/stm32f4xx_hal_gpio.o
 .debug_info    0x000000000001e073     0x12b2 build/stm32f4xx_hal.o
 .debug_info    0x000000000001f325      0xd3b build/usbd_desc.o
 .debug_info    0x0000000000020060     0x1176 build/usbd_cdc_if.o
 .debug_info    0x00000000000211d6     0x1337 build/usbd_core.o
 .debug_info    0x000000000002250d     0x22c9 build/tasks.o
 .debug_info    0x00000000000247d6     0x1c54 build/stm32f4xx_hal_uart.o
 .debug_info    0x000000000002642a       0x5e build/startup_stm32f429xx.o

.debug_abbrev   0x0000000000000000     0x46df
 .debug_abbrev  0x0000000000000000      0x1e2 build/stm32f4xx_it.o
 .debug_abbrev  0x00000000000001e2      0x1c0 build/usb_device.o
 .debug_abbrev  0x00000000000003a2      0x31d build/main.o
 .debug_abbrev  0x00000000000006bf      0x2b5 build/heap_4.o
 .debug_abbrev  0x0000000000000974      0x2d5 build/stm32f4xx_ll_usb.o
 .debug_abbrev  0x0000000000000c49      0x21e build/stm32f4xx_hal_pcd_ex.o
 .debug_abbrev  0x0000000000000e67      0x1e6 build/system_stm32f4xx.o
 .debug_abbrev  0x000000000000104d      0x29e build/usbd_conf.o
 .debug_abbrev  0x00000000000012eb      0x385 build/cmsis_os.o
 .debug_abbrev  0x0000000000001670      0x203 build/stm32f4xx_hal_msp.o
 .debug_abbrev  0x0000000000001873      0x2eb build/stm32f4xx_hal_pcd.o
 .debug_abbrev  0x0000000000001b5e      0x2a6 build/usbd_cdc.o
 .debug_abbrev  0x0000000000001e04      0x1ef build/port.o
 .debug_abbrev  0x0000000000001ff3      0x223 build/stm32f4xx_hal_timebase_TIM.o
 .debug_abbrev  0x0000000000002216      0x2a6 build/usbd_ctlreq.o
 .debug_abbrev  0x00000000000024bc      0x36f build/stm32f4xx_hal_cortex.o
 .debug_abbrev  0x000000000000282b      0x2c7 build/stm32f4xx_hal_tim.o
 .debug_abbrev  0x0000000000002af2      0x1df build/list.o
 .debug_abbrev  0x0000000000002cd1      0x2e4 build/stm32f4xx_hal_rcc.o
 .debug_abbrev  0x0000000000002fb5      0x2a4 build/stm32f4xx_hal_tim_ex.o
 .debug_abbrev  0x0000000000003259      0x1e6 build/usbd_ioreq.o
 .debug_abbrev  0x000000000000343f      0x268 build/stm32f4xx_hal_gpio.o
 .debug_abbrev  0x00000000000036a7      0x29c build/stm32f4xx_hal.o
 .debug_abbrev  0x0000000000003943      0x245 build/usbd_desc.o
 .debug_abbrev  0x0000000000003b88      0x28b build/usbd_cdc_if.o
 .debug_abbrev  0x0000000000003e13      0x276 build/usbd_core.o
 .debug_abbrev  0x0000000000004089      0x36b build/tasks.o
 .debug_abbrev  0x00000000000043f4      0x2d9 build/stm32f4xx_hal_uart.o
 .debug_abbrev  0x00000000000046cd       0x12 build/startup_stm32f429xx.o

.debug_loc      0x0000000000000000     0xc12d
 .debug_loc     0x0000000000000000       0x84 build/stm32f4xx_it.o
 .debug_loc     0x0000000000000084       0x2c build/usb_device.o
 .debug_loc     0x00000000000000b0      0x410 build/main.o
 .debug_loc     0x00000000000004c0      0x224 build/heap_4.o
 .debug_loc     0x00000000000006e4      0xffc build/stm32f4xx_ll_usb.o
 .debug_loc     0x00000000000016e0       0xb8 build/stm32f4xx_hal_pcd_ex.o
 .debug_loc     0x0000000000001798       0xa0 build/system_stm32f4xx.o
 .debug_loc     0x0000000000001838      0x8cc build/usbd_conf.o
 .debug_loc     0x0000000000002104     0x1120 build/cmsis_os.o
 .debug_loc     0x0000000000003224       0xcc build/stm32f4xx_hal_msp.o
 .debug_loc     0x00000000000032f0      0xb1d build/stm32f4xx_hal_pcd.o
 .debug_loc     0x0000000000003e0d      0x510 build/usbd_cdc.o
 .debug_loc     0x000000000000431d      0x2e8 build/port.o
 .debug_loc     0x0000000000004605       0xd8 build/stm32f4xx_hal_timebase_TIM.o
 .debug_loc     0x00000000000046dd      0x478 build/usbd_ctlreq.o
 .debug_loc     0x0000000000004b55      0x9f4 build/stm32f4xx_hal_cortex.o
 .debug_loc     0x0000000000005549     0x2348 build/stm32f4xx_hal_tim.o
 .debug_loc     0x0000000000007891      0x1cc build/list.o
 .debug_loc     0x0000000000007a5d      0x3d2 build/stm32f4xx_hal_rcc.o
 .debug_loc     0x0000000000007e2f      0xc20 build/stm32f4xx_hal_tim_ex.o
 .debug_loc     0x0000000000008a4f      0x230 build/usbd_ioreq.o
 .debug_loc     0x0000000000008c7f      0x2d4 build/stm32f4xx_hal_gpio.o
 .debug_loc     0x0000000000008f53      0x660 build/stm32f4xx_hal.o
 .debug_loc     0x00000000000095b3      0x248 build/usbd_desc.o
 .debug_loc     0x00000000000097fb      0x16c build/usbd_cdc_if.o
 .debug_loc     0x0000000000009967      0x6a0 build/usbd_core.o
 .debug_loc     0x000000000000a007      0xed6 build/tasks.o
 .debug_loc     0x000000000000aedd     0x1250 build/stm32f4xx_hal_uart.o

.debug_aranges  0x0000000000000000     0x15b8
 .debug_aranges
                0x0000000000000000       0x30 build/stm32f4xx_it.o
 .debug_aranges
                0x0000000000000030       0x20 build/usb_device.o
 .debug_aranges
                0x0000000000000050       0x88 build/main.o
 .debug_aranges
                0x00000000000000d8       0x50 build/heap_4.o
 .debug_aranges
                0x0000000000000128      0x180 build/stm32f4xx_ll_usb.o
 .debug_aranges
                0x00000000000002a8       0x28 build/stm32f4xx_hal_pcd_ex.o
 .debug_aranges
                0x00000000000002d0       0x28 build/system_stm32f4xx.o
 .debug_aranges
                0x00000000000002f8       0xf8 build/usbd_conf.o
 .debug_aranges
                0x00000000000003f0      0x1d8 build/cmsis_os.o
 .debug_aranges
                0x00000000000005c8       0x30 build/stm32f4xx_hal_msp.o
 .debug_aranges
                0x00000000000005f8      0x120 build/stm32f4xx_hal_pcd.o
 .debug_aranges
                0x0000000000000718       0x90 build/usbd_cdc.o
 .debug_aranges
                0x00000000000007a8       0x80 build/port.o
 .debug_aranges
                0x0000000000000828       0x30 build/stm32f4xx_hal_timebase_TIM.o
 .debug_aranges
                0x0000000000000858       0x88 build/usbd_ctlreq.o
 .debug_aranges
                0x00000000000008e0      0x118 build/stm32f4xx_hal_cortex.o
 .debug_aranges
                0x00000000000009f8      0x368 build/stm32f4xx_hal_tim.o
 .debug_aranges
                0x0000000000000d60       0x40 build/list.o
 .debug_aranges
                0x0000000000000da0       0x88 build/stm32f4xx_hal_rcc.o
 .debug_aranges
                0x0000000000000e28      0x140 build/stm32f4xx_hal_tim_ex.o
 .debug_aranges
                0x0000000000000f68       0x50 build/usbd_ioreq.o
 .debug_aranges
                0x0000000000000fb8       0x58 build/stm32f4xx_hal_gpio.o
 .debug_aranges
                0x0000000000001010       0xd8 build/stm32f4xx_hal.o
 .debug_aranges
                0x00000000000010e8       0x50 build/usbd_desc.o
 .debug_aranges
                0x0000000000001138       0x40 build/usbd_cdc_if.o
 .debug_aranges
                0x0000000000001178       0xb8 build/usbd_core.o
 .debug_aranges
                0x0000000000001230      0x190 build/tasks.o
 .debug_aranges
                0x00000000000013c0      0x1d0 build/stm32f4xx_hal_uart.o
 .debug_aranges
                0x0000000000001590       0x28 build/startup_stm32f429xx.o

.debug_ranges   0x0000000000000000     0x13f0
 .debug_ranges  0x0000000000000000       0x20 build/stm32f4xx_it.o
 .debug_ranges  0x0000000000000020       0x10 build/usb_device.o
 .debug_ranges  0x0000000000000030       0x78 build/main.o
 .debug_ranges  0x00000000000000a8       0x40 build/heap_4.o
 .debug_ranges  0x00000000000000e8      0x170 build/stm32f4xx_ll_usb.o
 .debug_ranges  0x0000000000000258       0x18 build/stm32f4xx_hal_pcd_ex.o
 .debug_ranges  0x0000000000000270       0x18 build/system_stm32f4xx.o
 .debug_ranges  0x0000000000000288       0xe8 build/usbd_conf.o
 .debug_ranges  0x0000000000000370      0x1c8 build/cmsis_os.o
 .debug_ranges  0x0000000000000538       0x20 build/stm32f4xx_hal_msp.o
 .debug_ranges  0x0000000000000558      0x110 build/stm32f4xx_hal_pcd.o
 .debug_ranges  0x0000000000000668       0x80 build/usbd_cdc.o
 .debug_ranges  0x00000000000006e8       0x70 build/port.o
 .debug_ranges  0x0000000000000758       0x20 build/stm32f4xx_hal_timebase_TIM.o
 .debug_ranges  0x0000000000000778       0x78 build/usbd_ctlreq.o
 .debug_ranges  0x00000000000007f0      0x108 build/stm32f4xx_hal_cortex.o
 .debug_ranges  0x00000000000008f8      0x358 build/stm32f4xx_hal_tim.o
 .debug_ranges  0x0000000000000c50       0x30 build/list.o
 .debug_ranges  0x0000000000000c80       0x78 build/stm32f4xx_hal_rcc.o
 .debug_ranges  0x0000000000000cf8      0x130 build/stm32f4xx_hal_tim_ex.o
 .debug_ranges  0x0000000000000e28       0x40 build/usbd_ioreq.o
 .debug_ranges  0x0000000000000e68       0x48 build/stm32f4xx_hal_gpio.o
 .debug_ranges  0x0000000000000eb0       0xc8 build/stm32f4xx_hal.o
 .debug_ranges  0x0000000000000f78       0x40 build/usbd_desc.o
 .debug_ranges  0x0000000000000fb8       0x30 build/usbd_cdc_if.o
 .debug_ranges  0x0000000000000fe8       0xa8 build/usbd_core.o
 .debug_ranges  0x0000000000001090      0x180 build/tasks.o
 .debug_ranges  0x0000000000001210      0x1c0 build/stm32f4xx_hal_uart.o
 .debug_ranges  0x00000000000013d0       0x20 build/startup_stm32f429xx.o

.debug_line     0x0000000000000000     0x8de2
 .debug_line    0x0000000000000000      0x229 build/stm32f4xx_it.o
 .debug_line    0x0000000000000229      0x240 build/usb_device.o
 .debug_line    0x0000000000000469      0x56d build/main.o
 .debug_line    0x00000000000009d6      0x2f4 build/heap_4.o
 .debug_line    0x0000000000000cca      0x858 build/stm32f4xx_ll_usb.o
 .debug_line    0x0000000000001522      0x22b build/stm32f4xx_hal_pcd_ex.o
 .debug_line    0x000000000000174d      0x1a4 build/system_stm32f4xx.o
 .debug_line    0x00000000000018f1      0x518 build/usbd_conf.o
 .debug_line    0x0000000000001e09      0x84a build/cmsis_os.o
 .debug_line    0x0000000000002653      0x22a build/stm32f4xx_hal_msp.o
 .debug_line    0x000000000000287d      0x72a build/stm32f4xx_hal_pcd.o
 .debug_line    0x0000000000002fa7      0x3bc build/usbd_cdc.o
 .debug_line    0x0000000000003363      0x32d build/port.o
 .debug_line    0x0000000000003690      0x235 build/stm32f4xx_hal_timebase_TIM.o
 .debug_line    0x00000000000038c5      0x42c build/usbd_ctlreq.o
 .debug_line    0x0000000000003cf1      0x4fa build/stm32f4xx_hal_cortex.o
 .debug_line    0x00000000000041eb     0x1395 build/stm32f4xx_hal_tim.o
 .debug_line    0x0000000000005580      0x254 build/list.o
 .debug_line    0x00000000000057d4      0x45b build/stm32f4xx_hal_rcc.o
 .debug_line    0x0000000000005c2f      0x7b6 build/stm32f4xx_hal_tim_ex.o
 .debug_line    0x00000000000063e5      0x26d build/usbd_ioreq.o